

================================================================
== Vitis HLS Report for 'moving_max_Pipeline_MAIN_LOOP'
================================================================
* Date:           Sat Oct 10 13:03:36 2026

* Version:        2026.1 (Build 6493734 on Jun 16 2026)
* Project:        moving_max
* Solution:       hls
* Product family: zynq
* Target device:  xc7z020-clg400-1


================================================================
== Performance Estimates
================================================================
+ Timing: 
    * Summary: 
    +--------+----------+----------+------------+
    |  Clock |  Target  | Estimated| Uncertainty|
    +--------+----------+----------+------------+
    |ap_clk  |  10.00 ns|  6.500 ns|     2.70 ns|
    +--------+----------+----------+------------+

+ Latency: 
    * Summary: 
    +---------+---------+----------+----------+-----+-----+-------------------+
    |  Latency (cycles) |  Latency (absolute) |  Interval |      Pipeline     |
    |   min   |   max   |    min   |    max   | min | max |        Type       |
    +---------+---------+----------+----------+-----+-----+-------------------+
    |       69|       69|  0.690 us|  0.690 us|    0|    0|  loop pipeline stp|
    +---------+---------+----------+----------+-----+-----+-------------------+

    + Detail: 
        * Instance: 
        N/A

        * Loop: 
        +-------------+---------+---------+----------+-----------+-----------+------+----------+
        |             |  Latency (cycles) | Iteration|  Initiation Interval  | Trip |          |
        |  Loop Name  |   min   |   max   |  Latency |  achieved |   target  | Count| Pipelined|
        +-------------+---------+---------+----------+-----------+-----------+------+----------+
        |- MAIN_LOOP  |       67|       67|         5|          1|          1|    64|       yes|
        +-------------+---------+---------+----------+-----------+-----------+------+----------+

============================================================
+ Verbose Summary: Synthesis Manager
============================================================
InlineROM: 1
ExposeGlobal: 0
============================================================
+ Verbose Summary: CDFG Model
============================================================
IsTopModel: 0
ResetActiveHigh: 1
IsCombinational: 0
IsDatapathOnly: 0
HasWiredReturn: 1
HasMFsm: 2
HasVarLatency: 1
IsPipeline: 0
IsRtlPipelined: 0
IsInstanceOverlapped: 0
IsDontTouch: 0
HasImplIP: 0
IsGatedGlobalClock: 0

+ Individual pipeline summary: 
  * Pipeline-0: initiation interval (II) = 1, depth = 5


============================================================
+ Verbose Summary: Schedule
============================================================
* Number of FSM states : 5
* Pipeline : 1
  Pipeline-0 : II = 1, D = 5, States = { 1 2 3 4 5 }
* Dataflow Pipeline: 0

* FSM state transitions: 
1 --> 2 
2 --> 3 
3 --> 4 
4 --> 5 
5 --> 

* FSM state operations: 

State 1 <SV = 0> <Delay = 5.04>
ST_1 : Operation 8 [1/1] (0.00ns)   --->   "%max_value_13 = alloca i32 1" [C:/Users/nocl1p/Projects/rd_hw/hw7/cpp_src/moving_max.cpp:33]   --->   Operation 8 'alloca' 'max_value_13' <Predicate = true> <Delay = 0.00>
ST_1 : Operation 9 [1/1] (0.00ns)   --->   "%n = alloca i32 1" [C:/Users/nocl1p/Projects/rd_hw/hw7/cpp_src/moving_max.cpp:17]   --->   Operation 9 'alloca' 'n' <Predicate = true> <Delay = 0.00>
ST_1 : Operation 10 [1/1] (0.00ns)   --->   "%max_value_11 = alloca i32 1" [C:/Users/nocl1p/Projects/rd_hw/hw7/cpp_src/moving_max.cpp:33]   --->   Operation 10 'alloca' 'max_value_11' <Predicate = true> <Delay = 0.00>
ST_1 : Operation 11 [1/1] (0.00ns)   --->   "%max_value_9 = alloca i32 1" [C:/Users/nocl1p/Projects/rd_hw/hw7/cpp_src/moving_max.cpp:33]   --->   Operation 11 'alloca' 'max_value_9' <Predicate = true> <Delay = 0.00>
ST_1 : Operation 12 [1/1] (0.00ns)   --->   "%max_value_7 = alloca i32 1" [C:/Users/nocl1p/Projects/rd_hw/hw7/cpp_src/moving_max.cpp:33]   --->   Operation 12 'alloca' 'max_value_7' <Predicate = true> <Delay = 0.00>
ST_1 : Operation 13 [1/1] (0.00ns)   --->   "%max_value_5 = alloca i32 1" [C:/Users/nocl1p/Projects/rd_hw/hw7/cpp_src/moving_max.cpp:33]   --->   Operation 13 'alloca' 'max_value_5' <Predicate = true> <Delay = 0.00>
ST_1 : Operation 14 [1/1] (0.00ns)   --->   "%max_value_3 = alloca i32 1" [C:/Users/nocl1p/Projects/rd_hw/hw7/cpp_src/moving_max.cpp:33]   --->   Operation 14 'alloca' 'max_value_3' <Predicate = true> <Delay = 0.00>
ST_1 : Operation 15 [1/1] (0.00ns)   --->   "%max_value_1 = alloca i32 1" [C:/Users/nocl1p/Projects/rd_hw/hw7/cpp_src/moving_max.cpp:33]   --->   Operation 15 'alloca' 'max_value_1' <Predicate = true> <Delay = 0.00>
ST_1 : Operation 16 [1/1] (0.00ns)   --->   "%specinterface_ln0 = specinterface void @_ssdm_op_SpecInterface, i32 %out_data, void @empty, i32 0, i32 0, void @empty_0, i32 4294967295, i32 0, void @empty_0, void @empty_0, void @empty_0, i32 0, i32 0, i32 0, i32 0, void @empty_0, void @empty_0, i32 4294967295, i32 0, i32 0, i32 0"   --->   Operation 16 'specinterface' 'specinterface_ln0' <Predicate = true> <Delay = 0.00>
ST_1 : Operation 17 [1/1] (0.00ns)   --->   "%specinterface_ln0 = specinterface void @_ssdm_op_SpecInterface, i32 %in_data, void @empty, i32 0, i32 0, void @empty_0, i32 4294967295, i32 0, void @empty_0, void @empty_0, void @empty_0, i32 0, i32 0, i32 0, i32 0, void @empty_0, void @empty_0, i32 4294967295, i32 0, i32 0, i32 0"   --->   Operation 17 'specinterface' 'specinterface_ln0' <Predicate = true> <Delay = 0.00>
ST_1 : Operation 18 [1/1] (0.00ns)   --->   "%window_load_read = read i32 @_ssdm_op_Read.ap_auto.i32, i32 %window_load"   --->   Operation 18 'read' 'window_load_read' <Predicate = true> <Delay = 0.00>
ST_1 : Operation 19 [1/1] (0.00ns)   --->   "%window_load_1_read = read i32 @_ssdm_op_Read.ap_auto.i32, i32 %window_load_1"   --->   Operation 19 'read' 'window_load_1_read' <Predicate = true> <Delay = 0.00>
ST_1 : Operation 20 [1/1] (0.00ns)   --->   "%window_load_2_read = read i32 @_ssdm_op_Read.ap_auto.i32, i32 %window_load_2"   --->   Operation 20 'read' 'window_load_2_read' <Predicate = true> <Delay = 0.00>
ST_1 : Operation 21 [1/1] (0.00ns)   --->   "%window_load_3_read = read i32 @_ssdm_op_Read.ap_auto.i32, i32 %window_load_3"   --->   Operation 21 'read' 'window_load_3_read' <Predicate = true> <Delay = 0.00>
ST_1 : Operation 22 [1/1] (0.00ns)   --->   "%window_load_4_read = read i32 @_ssdm_op_Read.ap_auto.i32, i32 %window_load_4"   --->   Operation 22 'read' 'window_load_4_read' <Predicate = true> <Delay = 0.00>
ST_1 : Operation 23 [1/1] (0.00ns)   --->   "%window_load_5_read = read i32 @_ssdm_op_Read.ap_auto.i32, i32 %window_load_5"   --->   Operation 23 'read' 'window_load_5_read' <Predicate = true> <Delay = 0.00>
ST_1 : Operation 24 [1/1] (0.00ns)   --->   "%window_load_6_read = read i32 @_ssdm_op_Read.ap_auto.i32, i32 %window_load_6"   --->   Operation 24 'read' 'window_load_6_read' <Predicate = true> <Delay = 0.00>
ST_1 : Operation 25 [1/1] (1.58ns)   --->   "%store_ln33 = store i32 %window_load_6_read, i32 %max_value_1" [C:/Users/nocl1p/Projects/rd_hw/hw7/cpp_src/moving_max.cpp:33]   --->   Operation 25 'store' 'store_ln33' <Predicate = true> <Delay = 1.58>
ST_1 : Operation 26 [1/1] (1.58ns)   --->   "%store_ln33 = store i32 %window_load_5_read, i32 %max_value_3" [C:/Users/nocl1p/Projects/rd_hw/hw7/cpp_src/moving_max.cpp:33]   --->   Operation 26 'store' 'store_ln33' <Predicate = true> <Delay = 1.58>
ST_1 : Operation 27 [1/1] (1.58ns)   --->   "%store_ln33 = store i32 %window_load_4_read, i32 %max_value_5" [C:/Users/nocl1p/Projects/rd_hw/hw7/cpp_src/moving_max.cpp:33]   --->   Operation 27 'store' 'store_ln33' <Predicate = true> <Delay = 1.58>
ST_1 : Operation 28 [1/1] (1.58ns)   --->   "%store_ln33 = store i32 %window_load_3_read, i32 %max_value_7" [C:/Users/nocl1p/Projects/rd_hw/hw7/cpp_src/moving_max.cpp:33]   --->   Operation 28 'store' 'store_ln33' <Predicate = true> <Delay = 1.58>
ST_1 : Operation 29 [1/1] (1.58ns)   --->   "%store_ln33 = store i32 %window_load_2_read, i32 %max_value_9" [C:/Users/nocl1p/Projects/rd_hw/hw7/cpp_src/moving_max.cpp:33]   --->   Operation 29 'store' 'store_ln33' <Predicate = true> <Delay = 1.58>
ST_1 : Operation 30 [1/1] (1.58ns)   --->   "%store_ln33 = store i32 %window_load_1_read, i32 %max_value_11" [C:/Users/nocl1p/Projects/rd_hw/hw7/cpp_src/moving_max.cpp:33]   --->   Operation 30 'store' 'store_ln33' <Predicate = true> <Delay = 1.58>
ST_1 : Operation 31 [1/1] (1.58ns)   --->   "%store_ln17 = store i7 0, i7 %n" [C:/Users/nocl1p/Projects/rd_hw/hw7/cpp_src/moving_max.cpp:17]   --->   Operation 31 'store' 'store_ln17' <Predicate = true> <Delay = 1.58>
ST_1 : Operation 32 [1/1] (1.58ns)   --->   "%store_ln33 = store i32 %window_load_read, i32 %max_value_13" [C:/Users/nocl1p/Projects/rd_hw/hw7/cpp_src/moving_max.cpp:33]   --->   Operation 32 'store' 'store_ln33' <Predicate = true> <Delay = 1.58>
ST_1 : Operation 33 [1/1] (0.00ns)   --->   "%br_ln0 = br void %SHIFT_LOOP"   --->   Operation 33 'br' 'br_ln0' <Predicate = true> <Delay = 0.00>
ST_1 : Operation 34 [1/1] (0.00ns)   --->   "%n_1 = load i7 %n" [C:/Users/nocl1p/Projects/rd_hw/hw7/cpp_src/moving_max.cpp:17]   --->   Operation 34 'load' 'n_1' <Predicate = true> <Delay = 0.00>
ST_1 : Operation 35 [1/1] (1.87ns)   --->   "%icmp_ln17 = icmp_eq  i7 %n_1, i7 64" [C:/Users/nocl1p/Projects/rd_hw/hw7/cpp_src/moving_max.cpp:17]   --->   Operation 35 'icmp' 'icmp_ln17' <Predicate = true> <Delay = 1.87> <CoreInst = "Cmp">   --->   Core 9 'Cmp' <Latency = 0> <II = 1> <Delay = 1.87> <FuncUnit> <Opcode : 'seteq' 'setne' 'setle' 'setge' 'setlt' 'setgt'> <InPorts = 2> <OutPorts = 1>
ST_1 : Operation 36 [1/1] (1.87ns)   --->   "%add_ln17 = add i7 %n_1, i7 1" [C:/Users/nocl1p/Projects/rd_hw/hw7/cpp_src/moving_max.cpp:17]   --->   Operation 36 'add' 'add_ln17' <Predicate = true> <Delay = 1.87> <CoreInst = "Adder">   --->   Core 1 'Adder' <Latency = 0> <II = 1> <Delay = 1.87> <FuncUnit> <Opcode : 'add' 'sub'> <InPorts = 2> <OutPorts = 1>
ST_1 : Operation 37 [1/1] (0.00ns)   --->   "%br_ln17 = br i1 %icmp_ln17, void %SHIFT_LOOP.split, void %for.end36.exitStub" [C:/Users/nocl1p/Projects/rd_hw/hw7/cpp_src/moving_max.cpp:17]   --->   Operation 37 'br' 'br_ln17' <Predicate = true> <Delay = 0.00>
ST_1 : Operation 38 [1/1] (0.00ns)   --->   "%zext_ln17 = zext i7 %n_1" [C:/Users/nocl1p/Projects/rd_hw/hw7/cpp_src/moving_max.cpp:17]   --->   Operation 38 'zext' 'zext_ln17' <Predicate = (!icmp_ln17)> <Delay = 0.00>
ST_1 : Operation 39 [1/1] (0.00ns)   --->   "%in_data_addr = getelementptr i32 %in_data, i64 0, i64 %zext_ln17" [C:/Users/nocl1p/Projects/rd_hw/hw7/cpp_src/moving_max.cpp:28]   --->   Operation 39 'getelementptr' 'in_data_addr' <Predicate = (!icmp_ln17)> <Delay = 0.00>
ST_1 : Operation 40 [2/2] (0.00ns)   --->   "%max_value = load i6 %in_data_addr" [C:/Users/nocl1p/Projects/rd_hw/hw7/cpp_src/moving_max.cpp:28]   --->   Operation 40 'load' 'max_value' <Predicate = (!icmp_ln17)> <Delay = 0.00> <CoreInst = "RAM">   --->   Core 81 'RAM' <Latency = 1> <II = 1> <Delay = 3.25> <Storage> <Opcode : 'load' 'store'> <Ports = 2> <Width = 32> <Depth = 64> <RAM>
ST_1 : Operation 41 [1/1] (1.58ns)   --->   "%store_ln17 = store i7 %add_ln17, i7 %n" [C:/Users/nocl1p/Projects/rd_hw/hw7/cpp_src/moving_max.cpp:17]   --->   Operation 41 'store' 'store_ln17' <Predicate = (!icmp_ln17)> <Delay = 1.58>

State 2 <SV = 1> <Delay = 6.50>
ST_2 : Operation 42 [1/1] (0.00ns)   --->   "%max_value_19 = load i32 %max_value_5" [C:/Users/nocl1p/Projects/rd_hw/hw7/cpp_src/moving_max.cpp:37]   --->   Operation 42 'load' 'max_value_19' <Predicate = true> <Delay = 0.00>
ST_2 : Operation 43 [1/1] (0.00ns)   --->   "%max_value_17 = load i32 %max_value_3" [C:/Users/nocl1p/Projects/rd_hw/hw7/cpp_src/moving_max.cpp:37]   --->   Operation 43 'load' 'max_value_17' <Predicate = true> <Delay = 0.00>
ST_2 : Operation 44 [1/1] (0.00ns)   --->   "%max_value_15 = load i32 %max_value_1" [C:/Users/nocl1p/Projects/rd_hw/hw7/cpp_src/moving_max.cpp:37]   --->   Operation 44 'load' 'max_value_15' <Predicate = true> <Delay = 0.00>
ST_2 : Operation 45 [1/2] ( I:0.00ns O:0.00ns )   --->   "%max_value = load i6 %in_data_addr" [C:/Users/nocl1p/Projects/rd_hw/hw7/cpp_src/moving_max.cpp:28]   --->   Operation 45 'load' 'max_value' <Predicate = (!icmp_ln17)> <Delay = 0.00> <CoreInst = "RAM">   --->   Core 81 'RAM' <Latency = 1> <II = 1> <Delay = 3.25> <Storage> <Opcode : 'load' 'store'> <Ports = 2> <Width = 32> <Depth = 64> <RAM>
ST_2 : Operation 46 [1/1] (2.55ns)   --->   "%icmp_ln37 = icmp_sgt  i32 %max_value_15, i32 %max_value" [C:/Users/nocl1p/Projects/rd_hw/hw7/cpp_src/moving_max.cpp:37]   --->   Operation 46 'icmp' 'icmp_ln37' <Predicate = (!icmp_ln17)> <Delay = 2.55> <CoreInst = "Cmp">   --->   Core 9 'Cmp' <Latency = 0> <II = 1> <Delay = 2.55> <FuncUnit> <Opcode : 'seteq' 'setne' 'setle' 'setge' 'setlt' 'setgt'> <InPorts = 2> <OutPorts = 1>
ST_2 : Operation 47 [1/1] (0.69ns)   --->   "%max_value_16 = select i1 %icmp_ln37, i32 %max_value_15, i32 %max_value" [C:/Users/nocl1p/Projects/rd_hw/hw7/cpp_src/moving_max.cpp:37]   --->   Operation 47 'select' 'max_value_16' <Predicate = (!icmp_ln17)> <Delay = 0.69> <CoreInst = "Sel">   --->   Core 73 'Sel' <Latency = 0> <II = 1> <Delay = 0.69> <FuncUnit> <Opcode : 'select'> <InPorts = 3> <OutPorts = 1>
ST_2 : Operation 48 [1/1] (2.55ns)   --->   "%icmp_ln37_1 = icmp_sgt  i32 %max_value_17, i32 %max_value_16" [C:/Users/nocl1p/Projects/rd_hw/hw7/cpp_src/moving_max.cpp:37]   --->   Operation 48 'icmp' 'icmp_ln37_1' <Predicate = (!icmp_ln17)> <Delay = 2.55> <CoreInst = "Cmp">   --->   Core 9 'Cmp' <Latency = 0> <II = 1> <Delay = 2.55> <FuncUnit> <Opcode : 'seteq' 'setne' 'setle' 'setge' 'setlt' 'setgt'> <InPorts = 2> <OutPorts = 1>
ST_2 : Operation 49 [1/1] (0.69ns)   --->   "%max_value_18 = select i1 %icmp_ln37_1, i32 %max_value_17, i32 %max_value_16" [C:/Users/nocl1p/Projects/rd_hw/hw7/cpp_src/moving_max.cpp:37]   --->   Operation 49 'select' 'max_value_18' <Predicate = (!icmp_ln17)> <Delay = 0.69> <CoreInst = "Sel">   --->   Core 73 'Sel' <Latency = 0> <II = 1> <Delay = 0.69> <FuncUnit> <Opcode : 'select'> <InPorts = 3> <OutPorts = 1>
ST_2 : Operation 50 [1/1] (1.58ns)   --->   "%store_ln33 = store i32 %max_value, i32 %max_value_1" [C:/Users/nocl1p/Projects/rd_hw/hw7/cpp_src/moving_max.cpp:33]   --->   Operation 50 'store' 'store_ln33' <Predicate = (!icmp_ln17)> <Delay = 1.58>
ST_2 : Operation 51 [1/1] (1.58ns)   --->   "%store_ln33 = store i32 %max_value_15, i32 %max_value_3" [C:/Users/nocl1p/Projects/rd_hw/hw7/cpp_src/moving_max.cpp:33]   --->   Operation 51 'store' 'store_ln33' <Predicate = (!icmp_ln17)> <Delay = 1.58>
ST_2 : Operation 52 [1/1] (1.58ns)   --->   "%store_ln33 = store i32 %max_value_17, i32 %max_value_5" [C:/Users/nocl1p/Projects/rd_hw/hw7/cpp_src/moving_max.cpp:33]   --->   Operation 52 'store' 'store_ln33' <Predicate = (!icmp_ln17)> <Delay = 1.58>

State 3 <SV = 2> <Delay = 6.50>
ST_3 : Operation 53 [1/1] (0.00ns)   --->   "%max_value_23 = load i32 %max_value_9" [C:/Users/nocl1p/Projects/rd_hw/hw7/cpp_src/moving_max.cpp:37]   --->   Operation 53 'load' 'max_value_23' <Predicate = true> <Delay = 0.00>
ST_3 : Operation 54 [1/1] (0.00ns)   --->   "%max_value_21 = load i32 %max_value_7" [C:/Users/nocl1p/Projects/rd_hw/hw7/cpp_src/moving_max.cpp:37]   --->   Operation 54 'load' 'max_value_21' <Predicate = true> <Delay = 0.00>
ST_3 : Operation 55 [1/1] (2.55ns)   --->   "%icmp_ln37_2 = icmp_sgt  i32 %max_value_19, i32 %max_value_18" [C:/Users/nocl1p/Projects/rd_hw/hw7/cpp_src/moving_max.cpp:37]   --->   Operation 55 'icmp' 'icmp_ln37_2' <Predicate = (!icmp_ln17)> <Delay = 2.55> <CoreInst = "Cmp">   --->   Core 9 'Cmp' <Latency = 0> <II = 1> <Delay = 2.55> <FuncUnit> <Opcode : 'seteq' 'setne' 'setle' 'setge' 'setlt' 'setgt'> <InPorts = 2> <OutPorts = 1>
ST_3 : Operation 56 [1/1] (0.69ns)   --->   "%max_value_20 = select i1 %icmp_ln37_2, i32 %max_value_19, i32 %max_value_18" [C:/Users/nocl1p/Projects/rd_hw/hw7/cpp_src/moving_max.cpp:37]   --->   Operation 56 'select' 'max_value_20' <Predicate = (!icmp_ln17)> <Delay = 0.69> <CoreInst = "Sel">   --->   Core 73 'Sel' <Latency = 0> <II = 1> <Delay = 0.69> <FuncUnit> <Opcode : 'select'> <InPorts = 3> <OutPorts = 1>
ST_3 : Operation 57 [1/1] (2.55ns)   --->   "%icmp_ln37_3 = icmp_sgt  i32 %max_value_21, i32 %max_value_20" [C:/Users/nocl1p/Projects/rd_hw/hw7/cpp_src/moving_max.cpp:37]   --->   Operation 57 'icmp' 'icmp_ln37_3' <Predicate = (!icmp_ln17)> <Delay = 2.55> <CoreInst = "Cmp">   --->   Core 9 'Cmp' <Latency = 0> <II = 1> <Delay = 2.55> <FuncUnit> <Opcode : 'seteq' 'setne' 'setle' 'setge' 'setlt' 'setgt'> <InPorts = 2> <OutPorts = 1>
ST_3 : Operation 58 [1/1] (0.69ns)   --->   "%max_value_22 = select i1 %icmp_ln37_3, i32 %max_value_21, i32 %max_value_20" [C:/Users/nocl1p/Projects/rd_hw/hw7/cpp_src/moving_max.cpp:37]   --->   Operation 58 'select' 'max_value_22' <Predicate = (!icmp_ln17)> <Delay = 0.69> <CoreInst = "Sel">   --->   Core 73 'Sel' <Latency = 0> <II = 1> <Delay = 0.69> <FuncUnit> <Opcode : 'select'> <InPorts = 3> <OutPorts = 1>
ST_3 : Operation 59 [1/1] (1.58ns)   --->   "%store_ln33 = store i32 %max_value_19, i32 %max_value_7" [C:/Users/nocl1p/Projects/rd_hw/hw7/cpp_src/moving_max.cpp:33]   --->   Operation 59 'store' 'store_ln33' <Predicate = (!icmp_ln17)> <Delay = 1.58>
ST_3 : Operation 60 [1/1] (1.58ns)   --->   "%store_ln33 = store i32 %max_value_21, i32 %max_value_9" [C:/Users/nocl1p/Projects/rd_hw/hw7/cpp_src/moving_max.cpp:33]   --->   Operation 60 'store' 'store_ln33' <Predicate = (!icmp_ln17)> <Delay = 1.58>

State 4 <SV = 3> <Delay = 6.50>
ST_4 : Operation 61 [1/1] (0.00ns)   --->   "%max_value_25 = load i32 %max_value_11" [C:/Users/nocl1p/Projects/rd_hw/hw7/cpp_src/moving_max.cpp:37]   --->   Operation 61 'load' 'max_value_25' <Predicate = true> <Delay = 0.00>
ST_4 : Operation 62 [1/1] (2.55ns)   --->   "%icmp_ln37_4 = icmp_sgt  i32 %max_value_23, i32 %max_value_22" [C:/Users/nocl1p/Projects/rd_hw/hw7/cpp_src/moving_max.cpp:37]   --->   Operation 62 'icmp' 'icmp_ln37_4' <Predicate = (!icmp_ln17)> <Delay = 2.55> <CoreInst = "Cmp">   --->   Core 9 'Cmp' <Latency = 0> <II = 1> <Delay = 2.55> <FuncUnit> <Opcode : 'seteq' 'setne' 'setle' 'setge' 'setlt' 'setgt'> <InPorts = 2> <OutPorts = 1>
ST_4 : Operation 63 [1/1] (0.69ns)   --->   "%max_value_24 = select i1 %icmp_ln37_4, i32 %max_value_23, i32 %max_value_22" [C:/Users/nocl1p/Projects/rd_hw/hw7/cpp_src/moving_max.cpp:37]   --->   Operation 63 'select' 'max_value_24' <Predicate = (!icmp_ln17)> <Delay = 0.69> <CoreInst = "Sel">   --->   Core 73 'Sel' <Latency = 0> <II = 1> <Delay = 0.69> <FuncUnit> <Opcode : 'select'> <InPorts = 3> <OutPorts = 1>
ST_4 : Operation 64 [1/1] (2.55ns)   --->   "%icmp_ln37_5 = icmp_sgt  i32 %max_value_25, i32 %max_value_24" [C:/Users/nocl1p/Projects/rd_hw/hw7/cpp_src/moving_max.cpp:37]   --->   Operation 64 'icmp' 'icmp_ln37_5' <Predicate = (!icmp_ln17)> <Delay = 2.55> <CoreInst = "Cmp">   --->   Core 9 'Cmp' <Latency = 0> <II = 1> <Delay = 2.55> <FuncUnit> <Opcode : 'seteq' 'setne' 'setle' 'setge' 'setlt' 'setgt'> <InPorts = 2> <OutPorts = 1>
ST_4 : Operation 65 [1/1] (0.69ns)   --->   "%max_value_26 = select i1 %icmp_ln37_5, i32 %max_value_25, i32 %max_value_24" [C:/Users/nocl1p/Projects/rd_hw/hw7/cpp_src/moving_max.cpp:37]   --->   Operation 65 'select' 'max_value_26' <Predicate = (!icmp_ln17)> <Delay = 0.69> <CoreInst = "Sel">   --->   Core 73 'Sel' <Latency = 0> <II = 1> <Delay = 0.69> <FuncUnit> <Opcode : 'select'> <InPorts = 3> <OutPorts = 1>
ST_4 : Operation 66 [1/1] (1.58ns)   --->   "%store_ln33 = store i32 %max_value_23, i32 %max_value_11" [C:/Users/nocl1p/Projects/rd_hw/hw7/cpp_src/moving_max.cpp:33]   --->   Operation 66 'store' 'store_ln33' <Predicate = (!icmp_ln17)> <Delay = 1.58>
ST_4 : Operation 77 [1/1] (1.58ns)   --->   "%ret_ln0 = ret"   --->   Operation 77 'ret' 'ret_ln0' <Predicate = (icmp_ln17)> <Delay = 1.58>

State 5 <SV = 4> <Delay = 3.25>
ST_5 : Operation 67 [1/1] (0.00ns)   --->   "%max_value_13_load = load i32 %max_value_13" [C:/Users/nocl1p/Projects/rd_hw/hw7/cpp_src/moving_max.cpp:37]   --->   Operation 67 'load' 'max_value_13_load' <Predicate = true> <Delay = 0.00>
ST_5 : Operation 68 [1/1] (0.00ns)   --->   "%specpipeline_ln19 = specpipeline void @_ssdm_op_SpecPipeline, i32 1, i32 0, i32 0, i32 0, i32 4294967295, void @empty_0" [C:/Users/nocl1p/Projects/rd_hw/hw7/cpp_src/moving_max.cpp:19]   --->   Operation 68 'specpipeline' 'specpipeline_ln19' <Predicate = true> <Delay = 0.00>
ST_5 : Operation 69 [1/1] (0.00ns)   --->   "%speclooptripcount_ln17 = speclooptripcount void @_ssdm_op_SpecLoopTripCount, i64 64, i64 64, i64 64" [C:/Users/nocl1p/Projects/rd_hw/hw7/cpp_src/moving_max.cpp:17]   --->   Operation 69 'speclooptripcount' 'speclooptripcount_ln17' <Predicate = true> <Delay = 0.00>
ST_5 : Operation 70 [1/1] (0.00ns)   --->   "%specloopname_ln17 = specloopname void @_ssdm_op_SpecLoopName, void @empty_2" [C:/Users/nocl1p/Projects/rd_hw/hw7/cpp_src/moving_max.cpp:17]   --->   Operation 70 'specloopname' 'specloopname_ln17' <Predicate = true> <Delay = 0.00>
ST_5 : Operation 71 [1/1] (2.55ns)   --->   "%icmp_ln37_6 = icmp_sgt  i32 %max_value_13_load, i32 %max_value_26" [C:/Users/nocl1p/Projects/rd_hw/hw7/cpp_src/moving_max.cpp:37]   --->   Operation 71 'icmp' 'icmp_ln37_6' <Predicate = true> <Delay = 2.55> <CoreInst = "Cmp">   --->   Core 9 'Cmp' <Latency = 0> <II = 1> <Delay = 2.55> <FuncUnit> <Opcode : 'seteq' 'setne' 'setle' 'setge' 'setlt' 'setgt'> <InPorts = 2> <OutPorts = 1>
ST_5 : Operation 72 [1/1] (0.69ns)   --->   "%max_value_27 = select i1 %icmp_ln37_6, i32 %max_value_13_load, i32 %max_value_26" [C:/Users/nocl1p/Projects/rd_hw/hw7/cpp_src/moving_max.cpp:37]   --->   Operation 72 'select' 'max_value_27' <Predicate = true> <Delay = 0.69> <CoreInst = "Sel">   --->   Core 73 'Sel' <Latency = 0> <II = 1> <Delay = 0.69> <FuncUnit> <Opcode : 'select'> <InPorts = 3> <OutPorts = 1>
ST_5 : Operation 73 [1/1] (0.00ns)   --->   "%out_data_addr = getelementptr i32 %out_data, i64 0, i64 %zext_ln17" [C:/Users/nocl1p/Projects/rd_hw/hw7/cpp_src/moving_max.cpp:42]   --->   Operation 73 'getelementptr' 'out_data_addr' <Predicate = true> <Delay = 0.00>
ST_5 : Operation 74 [1/1] ( I:0.00ns O:0.00ns )   --->   "%store_ln42 = store i32 %max_value_27, i6 %out_data_addr" [C:/Users/nocl1p/Projects/rd_hw/hw7/cpp_src/moving_max.cpp:42]   --->   Operation 74 'store' 'store_ln42' <Predicate = true> <Delay = 0.00> <CoreInst = "RAM">   --->   Core 81 'RAM' <Latency = 0> <II = 1> <Delay = 1.68> <Storage> <Opcode : 'load' 'store'> <Ports = 2> <Width = 32> <Depth = 64> <RAM>
ST_5 : Operation 75 [1/1] (1.58ns)   --->   "%store_ln33 = store i32 %max_value_25, i32 %max_value_13" [C:/Users/nocl1p/Projects/rd_hw/hw7/cpp_src/moving_max.cpp:33]   --->   Operation 75 'store' 'store_ln33' <Predicate = true> <Delay = 1.58>
ST_5 : Operation 76 [1/1] (0.00ns)   --->   "%br_ln17 = br void %SHIFT_LOOP" [C:/Users/nocl1p/Projects/rd_hw/hw7/cpp_src/moving_max.cpp:17]   --->   Operation 76 'br' 'br_ln17' <Predicate = true> <Delay = 0.00>


============================================================
+ Verbose Summary: Timing violations
============================================================
Target clock period: 10.000ns, clock uncertainty: 2.700ns.

 <State 1>: 5.046ns
The critical path consists of the following:
	'store' operation ('store_ln17', C:/Users/nocl1p/Projects/rd_hw/hw7/cpp_src/moving_max.cpp:17) of constant 0 7 bit on local variable 'n', C:/Users/nocl1p/Projects/rd_hw/hw7/cpp_src/moving_max.cpp:17 [33]  (1.588 ns)
	'load' operation 7 bit ('n', C:/Users/nocl1p/Projects/rd_hw/hw7/cpp_src/moving_max.cpp:17) on local variable 'n', C:/Users/nocl1p/Projects/rd_hw/hw7/cpp_src/moving_max.cpp:17 [37]  (0.000 ns)
	'add' operation 7 bit ('add_ln17', C:/Users/nocl1p/Projects/rd_hw/hw7/cpp_src/moving_max.cpp:17) [45]  (1.870 ns)
	'store' operation ('store_ln17', C:/Users/nocl1p/Projects/rd_hw/hw7/cpp_src/moving_max.cpp:17) of variable 'add_ln17', C:/Users/nocl1p/Projects/rd_hw/hw7/cpp_src/moving_max.cpp:17 7 bit on local variable 'n', C:/Users/nocl1p/Projects/rd_hw/hw7/cpp_src/moving_max.cpp:17 [77]  (1.588 ns)

 <State 2>: 6.500ns
The critical path consists of the following:
	'load' operation 32 bit ('max_value', C:/Users/nocl1p/Projects/rd_hw/hw7/cpp_src/moving_max.cpp:37) on local variable 'max_value', C:/Users/nocl1p/Projects/rd_hw/hw7/cpp_src/moving_max.cpp:33 [43]  (0.000 ns)
	'icmp' operation 1 bit ('icmp_ln37', C:/Users/nocl1p/Projects/rd_hw/hw7/cpp_src/moving_max.cpp:37) [55]  (2.552 ns)
	'select' operation 32 bit ('max_value', C:/Users/nocl1p/Projects/rd_hw/hw7/cpp_src/moving_max.cpp:37) [56]  (0.698 ns)
	'icmp' operation 1 bit ('icmp_ln37_1', C:/Users/nocl1p/Projects/rd_hw/hw7/cpp_src/moving_max.cpp:37) [57]  (2.552 ns)
	'select' operation 32 bit ('max_value', C:/Users/nocl1p/Projects/rd_hw/hw7/cpp_src/moving_max.cpp:37) [58]  (0.698 ns)

 <State 3>: 6.500ns
The critical path consists of the following:
	'icmp' operation 1 bit ('icmp_ln37_2', C:/Users/nocl1p/Projects/rd_hw/hw7/cpp_src/moving_max.cpp:37) [59]  (2.552 ns)
	'select' operation 32 bit ('max_value', C:/Users/nocl1p/Projects/rd_hw/hw7/cpp_src/moving_max.cpp:37) [60]  (0.698 ns)
	'icmp' operation 1 bit ('icmp_ln37_3', C:/Users/nocl1p/Projects/rd_hw/hw7/cpp_src/moving_max.cpp:37) [61]  (2.552 ns)
	'select' operation 32 bit ('max_value', C:/Users/nocl1p/Projects/rd_hw/hw7/cpp_src/moving_max.cpp:37) [62]  (0.698 ns)

 <State 4>: 6.500ns
The critical path consists of the following:
	'icmp' operation 1 bit ('icmp_ln37_4', C:/Users/nocl1p/Projects/rd_hw/hw7/cpp_src/moving_max.cpp:37) [63]  (2.552 ns)
	'select' operation 32 bit ('max_value', C:/Users/nocl1p/Projects/rd_hw/hw7/cpp_src/moving_max.cpp:37) [64]  (0.698 ns)
	'icmp' operation 1 bit ('icmp_ln37_5', C:/Users/nocl1p/Projects/rd_hw/hw7/cpp_src/moving_max.cpp:37) [65]  (2.552 ns)
	'select' operation 32 bit ('max_value', C:/Users/nocl1p/Projects/rd_hw/hw7/cpp_src/moving_max.cpp:37) [66]  (0.698 ns)

 <State 5>: 3.250ns
The critical path consists of the following:
	'load' operation 32 bit ('max_value_13_load', C:/Users/nocl1p/Projects/rd_hw/hw7/cpp_src/moving_max.cpp:37) on local variable 'max_value', C:/Users/nocl1p/Projects/rd_hw/hw7/cpp_src/moving_max.cpp:33 [48]  (0.000 ns)
	'icmp' operation 1 bit ('icmp_ln37_6', C:/Users/nocl1p/Projects/rd_hw/hw7/cpp_src/moving_max.cpp:37) [67]  (2.552 ns)
	'select' operation 32 bit ('max_value', C:/Users/nocl1p/Projects/rd_hw/hw7/cpp_src/moving_max.cpp:37) [68]  (0.698 ns)


============================================================
+ Verbose Summary: Binding
============================================================
N/A
* FSMD analyzer results:
  - Output states:
 - Input state : 
  - Chain level:
	State 1
	State 2
	State 3
	State 4
	State 5


============================================================
+ Verbose Summary: Datapath Resource usage 
============================================================
N/A
