

================================================================
== Vitis HLS Report for 'moving_max'
================================================================
* Date:           Sat Oct 10 13:03:38 2026

* Version:        2026.1 (Build 6493734 on Jun 16 2026)
* Project:        moving_max
* Solution:       hls
* Product family: zynq
* Target device:  xc7z020-clg400-1


================================================================
== Performance Estimates
================================================================
+ Timing: 
    * Summary: 
    +--------+----------+----------+------------+
    |  Clock |  Target  | Estimated| Uncertainty|
    +--------+----------+----------+------------+
    |ap_clk  |  10.00 ns|  6.500 ns|     2.70 ns|
    +--------+----------+----------+------------+

+ Latency: 
    * Summary: 
    +---------+---------+----------+----------+-----+-----+---------+
    |  Latency (cycles) |  Latency (absolute) |  Interval | Pipeline|
    |   min   |   max   |    min   |    max   | min | max |   Type  |
    +---------+---------+----------+----------+-----+-----+---------+
    |       79|       79|  0.790 us|  0.790 us|   80|   80|       no|
    +---------+---------+----------+----------+-----+-----+---------+

    + Detail: 
        * Instance: 
        +-----------------------------------------+-------------------------------+---------+---------+----------+----------+-----+-----+-------------------+
        |                                         |                               |  Latency (cycles) |  Latency (absolute) |  Interval |      Pipeline     |
        |                 Instance                |             Module            |   min   |   max   |    min   |    max   | min | max |        Type       |
        +-----------------------------------------+-------------------------------+---------+---------+----------+----------+-----+-----+-------------------+
        |grp_moving_max_Pipeline_MAIN_LOOP_fu_44  |moving_max_Pipeline_MAIN_LOOP  |       69|       69|  0.690 us|  0.690 us|    0|    0|  loop pipeline stp|
        +-----------------------------------------+-------------------------------+---------+---------+----------+----------+-----+-----+-------------------+

        * Loop: 
        +-------------+---------+---------+----------+-----------+-----------+------+----------+
        |             |  Latency (cycles) | Iteration|  Initiation Interval  | Trip |          |
        |  Loop Name  |   min   |   max   |  Latency |  achieved |   target  | Count| Pipelined|
        +-------------+---------+---------+----------+-----------+-----------+------+----------+
        |- INIT_LOOP  |        8|        8|         1|          -|          -|     8|        no|
        +-------------+---------+---------+----------+-----------+-----------+------+----------+



================================================================
== Utilization Estimates
================================================================
* Summary: 
+-----------------+---------+-----+--------+-------+-----+
|       Name      | BRAM_18K| DSP |   FF   |  LUT  | URAM|
+-----------------+---------+-----+--------+-------+-----+
|DSP              |        -|    -|       -|      -|    -|
|Expression       |        -|    -|       0|     26|    -|
|FIFO             |        -|    -|       -|      -|    -|
|Instance         |        -|    -|     568|    691|    -|
|Memory           |        -|    -|       -|      -|    -|
|Multiplexer      |        -|    -|       0|     29|    -|
|Register         |        -|    -|       8|      -|    -|
+-----------------+---------+-----+--------+-------+-----+
|Total            |        0|    0|     576|    746|    0|
+-----------------+---------+-----+--------+-------+-----+
|Available        |      280|  220|  106400|  53200|    0|
+-----------------+---------+-----+--------+-------+-----+
|Utilization (%)  |        0|    0|      ~0|      1|    0|
+-----------------+---------+-----+--------+-------+-----+

+ Detail: 
    * Instance: 
    +-----------------------------------------+-------------------------------+---------+----+-----+-----+-----+
    |                 Instance                |             Module            | BRAM_18K| DSP|  FF | LUT | URAM|
    +-----------------------------------------+-------------------------------+---------+----+-----+-----+-----+
    |grp_moving_max_Pipeline_MAIN_LOOP_fu_44  |moving_max_Pipeline_MAIN_LOOP  |        0|   0|  568|  691|    0|
    +-----------------------------------------+-------------------------------+---------+----+-----+-----+-----+
    |Total                                    |                               |        0|   0|  568|  691|    0|
    +-----------------------------------------+-------------------------------+---------+----+-----+-----+-----+

    * DSP: 
    N/A

    * Memory: 
    N/A

    * FIFO: 
    N/A

    * Expression: 
    +--------------------+----------+----+---+----+------------+------------+
    |    Variable Name   | Operation| DSP| FF| LUT| Bitwidth P0| Bitwidth P1|
    +--------------------+----------+----+---+----+------------+------------+
    |add_ln10_fu_80_p2   |         +|   0|  0|  13|           4|           1|
    |icmp_ln10_fu_74_p2  |      icmp|   0|  0|  13|           4|           5|
    +--------------------+----------+----+---+----+------------+------------+
    |Total               |          |   0|  0|  26|           8|           6|
    +--------------------+----------+----+---+----+------------+------------+

    * Multiplexer: 
    +-----------+----+-----------+-----+-----------+
    |    Name   | LUT| Input Size| Bits| Total Bits|
    +-----------+----+-----------+-----+-----------+
    |ap_NS_fsm  |  20|          4|    1|          4|
    |k_fu_40    |   9|          2|    4|          8|
    +-----------+----+-----------+-----+-----------+
    |Total      |  29|          6|    5|         12|
    +-----------+----+-----------+-----+-----------+

    * Register: 
    +------------------------------------------------------+---+----+-----+-----------+
    |                         Name                         | FF| LUT| Bits| Const Bits|
    +------------------------------------------------------+---+----+-----+-----------+
    |ap_CS_fsm                                             |  3|   0|    3|          0|
    |grp_moving_max_Pipeline_MAIN_LOOP_fu_44_ap_start_reg  |  1|   0|    1|          0|
    |k_fu_40                                               |  4|   0|    4|          0|
    +------------------------------------------------------+---+----+-----+-----------+
    |Total                                                 |  8|   0|    8|          0|
    +------------------------------------------------------+---+----+-----+-----------+



================================================================
== Interface
================================================================
* Summary: 
+-------------------+-----+-----+------------+--------------+--------------+
|     RTL Ports     | Dir | Bits|  Protocol  | Source Object|    C Type    |
+-------------------+-----+-----+------------+--------------+--------------+
|ap_clk             |   in|    1|  ap_ctrl_hs|    moving_max|  return value|
|ap_rst             |   in|    1|  ap_ctrl_hs|    moving_max|  return value|
|ap_start           |   in|    1|  ap_ctrl_hs|    moving_max|  return value|
|ap_done            |  out|    1|  ap_ctrl_hs|    moving_max|  return value|
|ap_idle            |  out|    1|  ap_ctrl_hs|    moving_max|  return value|
|ap_ready           |  out|    1|  ap_ctrl_hs|    moving_max|  return value|
|in_data_address0   |  out|    6|   ap_memory|       in_data|         array|
|in_data_ce0        |  out|    1|   ap_memory|       in_data|         array|
|in_data_q0         |   in|   32|   ap_memory|       in_data|         array|
|out_data_address0  |  out|    6|   ap_memory|      out_data|         array|
|out_data_ce0       |  out|    1|   ap_memory|      out_data|         array|
|out_data_we0       |  out|    1|   ap_memory|      out_data|         array|
|out_data_d0        |  out|   32|   ap_memory|      out_data|         array|
+-------------------+-----+-----+------------+--------------+--------------+

============================================================
+ Verbose Summary: Synthesis Manager
============================================================
InlineROM: 1
ExposeGlobal: 0
============================================================
+ Verbose Summary: CDFG Model
============================================================
IsTopModel: 1
ResetActiveHigh: 1
IsCombinational: 2
IsDatapathOnly: 2
HasWiredReturn: 1
HasMFsm: 0
HasVarLatency: 1
IsPipeline: 0
IsRtlPipelined: 0
IsInstanceOverlapped: 0
IsDontTouch: 0
HasImplIP: 0
IsGatedGlobalClock: 0


============================================================
+ Verbose Summary: Schedule
============================================================
* Number of FSM states : 3
* Pipeline : 0
* Dataflow Pipeline: 0

* FSM state transitions: 
1 --> 2 
2 --> 3 2 
3 --> 

* FSM state operations: 

State 1 <SV = 0> <Delay = 1.58>
ST_1 : Operation 4 [1/1] (0.00ns)   --->   "%k = alloca i32 1" [C:/Users/nocl1p/Projects/rd_hw/hw7/cpp_src/moving_max.cpp:10]   --->   Operation 4 'alloca' 'k' <Predicate = true> <Delay = 0.00>
ST_1 : Operation 5 [1/1] (0.00ns)   --->   "%spectopmodule_ln6 = spectopmodule void @_ssdm_op_SpecTopModule, void @empty_1" [C:/Users/nocl1p/Projects/rd_hw/hw7/cpp_src/moving_max.cpp:6]   --->   Operation 5 'spectopmodule' 'spectopmodule_ln6' <Predicate = true> <Delay = 0.00>
ST_1 : Operation 6 [1/1] (0.00ns)   --->   "%specinterface_ln0 = specinterface void @_ssdm_op_SpecInterface, i32 %in_data, void @empty, i32 0, i32 0, void @empty_0, i32 4294967295, i32 0, void @empty_0, void @empty_0, void @empty_0, i32 0, i32 0, i32 0, i32 0, void @empty_0, void @empty_0, i32 4294967295, i32 0, i32 0, i32 0"   --->   Operation 6 'specinterface' 'specinterface_ln0' <Predicate = true> <Delay = 0.00>
ST_1 : Operation 7 [1/1] (0.00ns)   --->   "%specbitsmap_ln0 = specbitsmap void @_ssdm_op_SpecBitsMap, i32 %in_data"   --->   Operation 7 'specbitsmap' 'specbitsmap_ln0' <Predicate = true> <Delay = 0.00>
ST_1 : Operation 8 [1/1] (0.00ns)   --->   "%specinterface_ln0 = specinterface void @_ssdm_op_SpecInterface, i32 %out_data, void @empty, i32 0, i32 0, void @empty_0, i32 4294967295, i32 0, void @empty_0, void @empty_0, void @empty_0, i32 0, i32 0, i32 0, i32 0, void @empty_0, void @empty_0, i32 4294967295, i32 0, i32 0, i32 0"   --->   Operation 8 'specinterface' 'specinterface_ln0' <Predicate = true> <Delay = 0.00>
ST_1 : Operation 9 [1/1] (0.00ns)   --->   "%specbitsmap_ln0 = specbitsmap void @_ssdm_op_SpecBitsMap, i32 %out_data"   --->   Operation 9 'specbitsmap' 'specbitsmap_ln0' <Predicate = true> <Delay = 0.00>
ST_1 : Operation 10 [1/1] (1.58ns)   --->   "%store_ln10 = store i4 0, i4 %k" [C:/Users/nocl1p/Projects/rd_hw/hw7/cpp_src/moving_max.cpp:10]   --->   Operation 10 'store' 'store_ln10' <Predicate = true> <Delay = 1.58>
ST_1 : Operation 11 [1/1] (0.00ns)   --->   "%br_ln10 = br void %for.inc" [C:/Users/nocl1p/Projects/rd_hw/hw7/cpp_src/moving_max.cpp:10]   --->   Operation 11 'br' 'br_ln10' <Predicate = true> <Delay = 0.00>

State 2 <SV = 1> <Delay = 3.32>
ST_2 : Operation 12 [1/1] (0.00ns)   --->   "%k_1 = load i4 %k" [C:/Users/nocl1p/Projects/rd_hw/hw7/cpp_src/moving_max.cpp:10]   --->   Operation 12 'load' 'k_1' <Predicate = true> <Delay = 0.00>
ST_2 : Operation 13 [1/1] (1.73ns)   --->   "%icmp_ln10 = icmp_eq  i4 %k_1, i4 8" [C:/Users/nocl1p/Projects/rd_hw/hw7/cpp_src/moving_max.cpp:10]   --->   Operation 13 'icmp' 'icmp_ln10' <Predicate = true> <Delay = 1.73> <CoreInst = "Cmp">   --->   Core 9 'Cmp' <Latency = 0> <II = 1> <Delay = 1.78> <FuncUnit> <Opcode : 'seteq' 'setne' 'setle' 'setge' 'setlt' 'setgt'> <InPorts = 2> <OutPorts = 1>
ST_2 : Operation 14 [1/1] (1.73ns)   --->   "%add_ln10 = add i4 %k_1, i4 1" [C:/Users/nocl1p/Projects/rd_hw/hw7/cpp_src/moving_max.cpp:10]   --->   Operation 14 'add' 'add_ln10' <Predicate = true> <Delay = 1.73> <CoreInst = "Adder">   --->   Core 1 'Adder' <Latency = 0> <II = 1> <Delay = 1.73> <FuncUnit> <Opcode : 'add' 'sub'> <InPorts = 2> <OutPorts = 1>
ST_2 : Operation 15 [1/1] (0.00ns)   --->   "%br_ln10 = br i1 %icmp_ln10, void %for.inc.split, void %MAIN_LOOP" [C:/Users/nocl1p/Projects/rd_hw/hw7/cpp_src/moving_max.cpp:10]   --->   Operation 15 'br' 'br_ln10' <Predicate = true> <Delay = 0.00>
ST_2 : Operation 16 [1/1] (0.00ns)   --->   "%speclooptripcount_ln10 = speclooptripcount void @_ssdm_op_SpecLoopTripCount, i64 8, i64 8, i64 8" [C:/Users/nocl1p/Projects/rd_hw/hw7/cpp_src/moving_max.cpp:10]   --->   Operation 16 'speclooptripcount' 'speclooptripcount_ln10' <Predicate = (!icmp_ln10)> <Delay = 0.00>
ST_2 : Operation 17 [1/1] (0.00ns)   --->   "%specloopname_ln10 = specloopname void @_ssdm_op_SpecLoopName, void @empty_3" [C:/Users/nocl1p/Projects/rd_hw/hw7/cpp_src/moving_max.cpp:10]   --->   Operation 17 'specloopname' 'specloopname_ln10' <Predicate = (!icmp_ln10)> <Delay = 0.00>
ST_2 : Operation 18 [1/1] (1.58ns)   --->   "%store_ln10 = store i4 %add_ln10, i4 %k" [C:/Users/nocl1p/Projects/rd_hw/hw7/cpp_src/moving_max.cpp:10]   --->   Operation 18 'store' 'store_ln10' <Predicate = (!icmp_ln10)> <Delay = 1.58>
ST_2 : Operation 19 [1/1] (0.00ns)   --->   "%br_ln10 = br void %for.inc" [C:/Users/nocl1p/Projects/rd_hw/hw7/cpp_src/moving_max.cpp:10]   --->   Operation 19 'br' 'br_ln10' <Predicate = (!icmp_ln10)> <Delay = 0.00>
ST_2 : Operation 20 [2/2] (1.58ns)   --->   "%call_ln0 = call void @moving_max_Pipeline_MAIN_LOOP, i32 2147483648, i32 2147483648, i32 2147483648, i32 2147483648, i32 2147483648, i32 2147483648, i32 2147483648, i32 %in_data, i32 %out_data"   --->   Operation 20 'call' 'call_ln0' <Predicate = (icmp_ln10)> <Delay = 1.58> <CoreType = "Generic">   --->   Generic Core

State 3 <SV = 2> <Delay = 0.00>
ST_3 : Operation 21 [1/2] (0.00ns)   --->   "%call_ln0 = call void @moving_max_Pipeline_MAIN_LOOP, i32 2147483648, i32 2147483648, i32 2147483648, i32 2147483648, i32 2147483648, i32 2147483648, i32 2147483648, i32 %in_data, i32 %out_data"   --->   Operation 21 'call' 'call_ln0' <Predicate = true> <Delay = 0.00> <CoreType = "Generic">   --->   Generic Core
ST_3 : Operation 22 [1/1] (0.00ns)   --->   "%ret_ln44 = ret" [C:/Users/nocl1p/Projects/rd_hw/hw7/cpp_src/moving_max.cpp:44]   --->   Operation 22 'ret' 'ret_ln44' <Predicate = true> <Delay = 0.00>


============================================================
+ Verbose Summary: Binding
============================================================
STG Binding: 
---------------- STG Properties BEGIN ----------------
- Is combinational: 0
- Is one-state seq: 0
- Is datapath-only: 0
- Is pipelined: 0
- Is top level: 1
Port [ Return ] is wired: 1; IO mode=ap_ctrl_hs:ce=0
Port [ in_data]:  wired=1; compound=1; hidden=0; nouse=0; global=0; static=0; extern=0; dir=0; type=1; pingpong=0; private_global=0; MemPort=[13]; IO mode=ap_memory:ce=0
Port [ out_data]:  wired=1; compound=1; hidden=0; nouse=0; global=0; static=0; extern=0; dir=1; type=1; pingpong=0; private_global=0; MemPort=[03]; IO mode=ap_memory:ce=0
---------------- STG Properties END ------------------

---------------- Datapath Model BEGIN ----------------

<LifeTime>
<method=bitvector/>
k                      (alloca           ) [ 0110]
spectopmodule_ln6      (spectopmodule    ) [ 0000]
specinterface_ln0      (specinterface    ) [ 0000]
specbitsmap_ln0        (specbitsmap      ) [ 0000]
specinterface_ln0      (specinterface    ) [ 0000]
specbitsmap_ln0        (specbitsmap      ) [ 0000]
store_ln10             (store            ) [ 0000]
br_ln10                (br               ) [ 0000]
k_1                    (load             ) [ 0000]
icmp_ln10              (icmp             ) [ 0010]
add_ln10               (add              ) [ 0000]
br_ln10                (br               ) [ 0000]
speclooptripcount_ln10 (speclooptripcount) [ 0000]
specloopname_ln10      (specloopname     ) [ 0000]
store_ln10             (store            ) [ 0000]
br_ln10                (br               ) [ 0000]
call_ln0               (call             ) [ 0000]
ret_ln44               (ret              ) [ 0000]
</LifeTime>

<model>

<comp_list>
<comp id="0" class="1000" name="in_data">
<pin_list>
<pin id="1" dir="1" index="0" bw="1" slack="0"/>
</pin_list>
<bind>
<StgValue><ssdm name="in_data"/><MemPortTyVec>1 3 </MemPortTyVec>
</StgValue>
</bind>
</comp>

<comp id="2" class="1000" name="out_data">
<pin_list>
<pin id="3" dir="1" index="0" bw="1" slack="0"/>
</pin_list>
<bind>
<StgValue><ssdm name="out_data"/><MemPortTyVec>0 3 </MemPortTyVec>
</StgValue>
</bind>
</comp>

<comp id="4" class="1001" name="const_4">
<pin_list>
<pin id="5" dir="1" index="0" bw="1" slack="0"/>
</pin_list>
<bind>
<StgValue><ssdm name=""/></StgValue>
</bind>
</comp>

<comp id="6" class="1001" name="const_6">
<pin_list>
<pin id="7" dir="1" index="0" bw="1" slack="2147483647"/>
</pin_list>
<bind>
<StgValue><ssdm name="_ssdm_op_SpecTopModule"/></StgValue>
</bind>
</comp>

<comp id="8" class="1001" name="const_8">
<pin_list>
<pin id="9" dir="1" index="0" bw="1" slack="2147483647"/>
</pin_list>
<bind>
<StgValue><ssdm name="empty_1"/></StgValue>
</bind>
</comp>

<comp id="10" class="1001" name="const_10">
<pin_list>
<pin id="11" dir="1" index="0" bw="1" slack="2147483647"/>
</pin_list>
<bind>
<StgValue><ssdm name="_ssdm_op_SpecInterface"/></StgValue>
</bind>
</comp>

<comp id="12" class="1001" name="const_12">
<pin_list>
<pin id="13" dir="1" index="0" bw="1" slack="2147483647"/>
</pin_list>
<bind>
<StgValue><ssdm name="empty"/></StgValue>
</bind>
</comp>

<comp id="14" class="1001" name="const_14">
<pin_list>
<pin id="15" dir="1" index="0" bw="1" slack="2147483647"/>
</pin_list>
<bind>
<StgValue><ssdm name=""/></StgValue>
</bind>
</comp>

<comp id="16" class="1001" name="const_16">
<pin_list>
<pin id="17" dir="1" index="0" bw="1" slack="2147483647"/>
</pin_list>
<bind>
<StgValue><ssdm name="empty_0"/></StgValue>
</bind>
</comp>

<comp id="18" class="1001" name="const_18">
<pin_list>
<pin id="19" dir="1" index="0" bw="1" slack="2147483647"/>
</pin_list>
<bind>
<StgValue><ssdm name=""/></StgValue>
</bind>
</comp>

<comp id="20" class="1001" name="const_20">
<pin_list>
<pin id="21" dir="1" index="0" bw="1" slack="2147483647"/>
</pin_list>
<bind>
<StgValue><ssdm name="_ssdm_op_SpecBitsMap"/></StgValue>
</bind>
</comp>

<comp id="22" class="1001" name="const_22">
<pin_list>
<pin id="23" dir="1" index="0" bw="1" slack="0"/>
</pin_list>
<bind>
<StgValue><ssdm name=""/></StgValue>
</bind>
</comp>

<comp id="24" class="1001" name="const_24">
<pin_list>
<pin id="25" dir="1" index="0" bw="1" slack="0"/>
</pin_list>
<bind>
<StgValue><ssdm name=""/></StgValue>
</bind>
</comp>

<comp id="26" class="1001" name="const_26">
<pin_list>
<pin id="27" dir="1" index="0" bw="1" slack="0"/>
</pin_list>
<bind>
<StgValue><ssdm name=""/></StgValue>
</bind>
</comp>

<comp id="28" class="1001" name="const_28">
<pin_list>
<pin id="29" dir="1" index="0" bw="1" slack="2147483647"/>
</pin_list>
<bind>
<StgValue><ssdm name="_ssdm_op_SpecLoopTripCount"/></StgValue>
</bind>
</comp>

<comp id="30" class="1001" name="const_30">
<pin_list>
<pin id="31" dir="1" index="0" bw="1" slack="2147483647"/>
</pin_list>
<bind>
<StgValue><ssdm name=""/></StgValue>
</bind>
</comp>

<comp id="32" class="1001" name="const_32">
<pin_list>
<pin id="33" dir="1" index="0" bw="1" slack="2147483647"/>
</pin_list>
<bind>
<StgValue><ssdm name="_ssdm_op_SpecLoopName"/></StgValue>
</bind>
</comp>

<comp id="34" class="1001" name="const_34">
<pin_list>
<pin id="35" dir="1" index="0" bw="1" slack="2147483647"/>
</pin_list>
<bind>
<StgValue><ssdm name="empty_3"/></StgValue>
</bind>
</comp>

<comp id="36" class="1001" name="const_36">
<pin_list>
<pin id="37" dir="1" index="0" bw="1" slack="0"/>
</pin_list>
<bind>
<StgValue><ssdm name="moving_max_Pipeline_MAIN_LOOP"/></StgValue>
</bind>
</comp>

<comp id="38" class="1001" name="const_38">
<pin_list>
<pin id="39" dir="1" index="0" bw="1" slack="0"/>
</pin_list>
<bind>
<StgValue><ssdm name=""/></StgValue>
</bind>
</comp>

<comp id="40" class="1004" name="k_fu_40">
<pin_list>
<pin id="41" dir="0" index="0" bw="1" slack="0"/>
<pin id="42" dir="1" index="1" bw="4" slack="0"/>
</pin_list>
<bind>
<opcode="alloca(26) " fcode="alloca"/>
<opset="k/1 "/>
</bind>
</comp>

<comp id="44" class="1004" name="grp_moving_max_Pipeline_MAIN_LOOP_fu_44">
<pin_list>
<pin id="45" dir="0" index="0" bw="0" slack="0"/>
<pin id="46" dir="0" index="1" bw="32" slack="0"/>
<pin id="47" dir="0" index="2" bw="32" slack="0"/>
<pin id="48" dir="0" index="3" bw="32" slack="0"/>
<pin id="49" dir="0" index="4" bw="32" slack="0"/>
<pin id="50" dir="0" index="5" bw="32" slack="0"/>
<pin id="51" dir="0" index="6" bw="32" slack="0"/>
<pin id="52" dir="0" index="7" bw="32" slack="0"/>
<pin id="53" dir="0" index="8" bw="32" slack="0"/>
<pin id="54" dir="0" index="9" bw="32" slack="0"/>
<pin id="55" dir="1" index="10" bw="0" slack="2147483647"/>
</pin_list>
<bind>
<opcode="call(48) " fcode="call"/>
<opset="call_ln0/2 "/>
</bind>
</comp>

<comp id="66" class="1004" name="store_ln10_store_fu_66">
<pin_list>
<pin id="67" dir="0" index="0" bw="1" slack="0"/>
<pin id="68" dir="0" index="1" bw="4" slack="0"/>
<pin id="69" dir="1" index="2" bw="0" slack="2147483647"/>
</pin_list>
<bind>
<opcode="store(28) " fcode="store"/>
<opset="store_ln10/1 "/>
</bind>
</comp>

<comp id="71" class="1004" name="k_1_load_fu_71">
<pin_list>
<pin id="72" dir="0" index="0" bw="4" slack="1"/>
<pin id="73" dir="1" index="1" bw="4" slack="0"/>
</pin_list>
<bind>
<opcode="load(27) " fcode="load"/>
<opset="k_1/2 "/>
</bind>
</comp>

<comp id="74" class="1004" name="icmp_ln10_fu_74">
<pin_list>
<pin id="75" dir="0" index="0" bw="4" slack="0"/>
<pin id="76" dir="0" index="1" bw="4" slack="0"/>
<pin id="77" dir="1" index="2" bw="1" slack="2147483647"/>
</pin_list>
<bind>
<opcode="icmp(45) " fcode="icmp"/>
<opset="icmp_ln10/2 "/>
</bind>
</comp>

<comp id="80" class="1004" name="add_ln10_fu_80">
<pin_list>
<pin id="81" dir="0" index="0" bw="4" slack="0"/>
<pin id="82" dir="0" index="1" bw="1" slack="0"/>
<pin id="83" dir="1" index="2" bw="4" slack="0"/>
</pin_list>
<bind>
<opcode="add(8) " fcode="add"/>
<opset="add_ln10/2 "/>
</bind>
</comp>

<comp id="86" class="1004" name="store_ln10_store_fu_86">
<pin_list>
<pin id="87" dir="0" index="0" bw="4" slack="0"/>
<pin id="88" dir="0" index="1" bw="4" slack="1"/>
<pin id="89" dir="1" index="2" bw="0" slack="2147483647"/>
</pin_list>
<bind>
<opcode="store(28) " fcode="store"/>
<opset="store_ln10/2 "/>
</bind>
</comp>

<comp id="91" class="1005" name="k_reg_91">
<pin_list>
<pin id="92" dir="0" index="0" bw="4" slack="0"/>
<pin id="93" dir="1" index="1" bw="4" slack="0"/>
</pin_list>
<bind>
<opset="k "/>
</bind>
</comp>

</comp_list>

<net_list>
<net id="43"><net_src comp="4" pin="0"/><net_sink comp="40" pin=0"/></net>

<net id="56"><net_src comp="36" pin="0"/><net_sink comp="44" pin=0"/></net>

<net id="57"><net_src comp="38" pin="0"/><net_sink comp="44" pin=1"/></net>

<net id="58"><net_src comp="38" pin="0"/><net_sink comp="44" pin=2"/></net>

<net id="59"><net_src comp="38" pin="0"/><net_sink comp="44" pin=3"/></net>

<net id="60"><net_src comp="38" pin="0"/><net_sink comp="44" pin=4"/></net>

<net id="61"><net_src comp="38" pin="0"/><net_sink comp="44" pin=5"/></net>

<net id="62"><net_src comp="38" pin="0"/><net_sink comp="44" pin=6"/></net>

<net id="63"><net_src comp="38" pin="0"/><net_sink comp="44" pin=7"/></net>

<net id="64"><net_src comp="0" pin="0"/><net_sink comp="44" pin=8"/></net>

<net id="65"><net_src comp="2" pin="0"/><net_sink comp="44" pin=9"/></net>

<net id="70"><net_src comp="22" pin="0"/><net_sink comp="66" pin=0"/></net>

<net id="78"><net_src comp="71" pin="1"/><net_sink comp="74" pin=0"/></net>

<net id="79"><net_src comp="24" pin="0"/><net_sink comp="74" pin=1"/></net>

<net id="84"><net_src comp="71" pin="1"/><net_sink comp="80" pin=0"/></net>

<net id="85"><net_src comp="26" pin="0"/><net_sink comp="80" pin=1"/></net>

<net id="90"><net_src comp="80" pin="2"/><net_sink comp="86" pin=0"/></net>

<net id="94"><net_src comp="40" pin="1"/><net_sink comp="91" pin=0"/></net>

<net id="95"><net_src comp="91" pin="1"/><net_sink comp="66" pin=1"/></net>

<net id="96"><net_src comp="91" pin="1"/><net_sink comp="71" pin=0"/></net>

<net id="97"><net_src comp="91" pin="1"/><net_sink comp="86" pin=1"/></net>

</net_list>

</model> 
---------------- Datapath Model END ------------------

* FSMD analyzer results:
  - Output states:
	Port: out_data | {2 3 }
 - Input state : 
	Port: moving_max : in_data | {2 3 }
  - Chain level:
	State 1
		store_ln10 : 1
	State 2
		icmp_ln10 : 1
		add_ln10 : 1
		br_ln10 : 2
		store_ln10 : 2
	State 3


============================================================
+ Verbose Summary: Datapath Resource usage 
============================================================

* Functional unit list:
|----------|-----------------------------------------|---------|---------|---------|
| Operation|             Functional Unit             |  Delay  |    FF   |   LUT   |
|----------|-----------------------------------------|---------|---------|---------|
|   call   | grp_moving_max_Pipeline_MAIN_LOOP_fu_44 |  1.588  |   494   |   534   |
|----------|-----------------------------------------|---------|---------|---------|
|   icmp   |             icmp_ln10_fu_74             |    0    |    0    |    13   |
|----------|-----------------------------------------|---------|---------|---------|
|    add   |              add_ln10_fu_80             |    0    |    0    |    13   |
|----------|-----------------------------------------|---------|---------|---------|
|   Total  |                                         |  1.588  |   494   |   560   |
|----------|-----------------------------------------|---------|---------|---------|

Memories:
N/A

* Register list:
+--------+--------+
|        |   FF   |
+--------+--------+
|k_reg_91|    4   |
+--------+--------+
|  Total |    4   |
+--------+--------+

* Multiplexer (MUX) list: 
|--------|------|------|------|--------|
|  Comp  |  Pin | Size |  BW  | S x BW |
|--------|------|------|------|--------|
|  Total |      |      |      |    0   |
|--------|------|------|------|--------|



* Summary:
+-----------+--------+--------+--------+
|           |  Delay |   FF   |   LUT  |
+-----------+--------+--------+--------+
|  Function |    1   |   494  |   560  |
|   Memory  |    -   |    -   |    -   |
|Multiplexer|    -   |    -   |    -   |
|  Register |    -   |    4   |    -   |
+-----------+--------+--------+--------+
|   Total   |    1   |   498  |   560  |
+-----------+--------+--------+--------+
