

================================================================
== Vitis HLS Report for 'moving_max'
================================================================
* Date:           Sat Oct 10 13:03:36 2026

* Version:        2026.1 (Build 6493734 on Jun 16 2026)
* Project:        moving_max
* Solution:       hls
* Product family: zynq
* Target device:  xc7z020-clg400-1


================================================================
== Performance Estimates
================================================================
+ Timing: 
    * Summary: 
    +--------+----------+----------+------------+
    |  Clock |  Target  | Estimated| Uncertainty|
    +--------+----------+----------+------------+
    |ap_clk  |  10.00 ns|  6.500 ns|     2.70 ns|
    +--------+----------+----------+------------+

+ Latency: 
    * Summary: 
    +---------+---------+----------+----------+-----+-----+---------+
    |  Latency (cycles) |  Latency (absolute) |  Interval | Pipeline|
    |   min   |   max   |    min   |    max   | min | max |   Type  |
    +---------+---------+----------+----------+-----+-----+---------+
    |       79|       79|  0.790 us|  0.790 us|   80|   80|       no|
    +---------+---------+----------+----------+-----+-----+---------+

    + Detail: 
        * Instance: 
        N/A

        * Loop: 
        +-------------+---------+---------+----------+-----------+-----------+------+----------+
        |             |  Latency (cycles) | Iteration|  Initiation Interval  | Trip |          |
        |  Loop Name  |   min   |   max   |  Latency |  achieved |   target  | Count| Pipelined|
        +-------------+---------+---------+----------+-----------+-----------+------+----------+
        |- INIT_LOOP  |        8|        8|         1|          -|          -|     8|        no|
        +-------------+---------+---------+----------+-----------+-----------+------+----------+

============================================================
+ Verbose Summary: Synthesis Manager
============================================================
InlineROM: 1
ExposeGlobal: 0
============================================================
+ Verbose Summary: CDFG Model
============================================================
IsTopModel: 1
ResetActiveHigh: 1
IsCombinational: 0
IsDatapathOnly: 0
HasWiredReturn: 1
HasMFsm: 0
HasVarLatency: 1
IsPipeline: 0
IsRtlPipelined: 0
IsInstanceOverlapped: 0
IsDontTouch: 0
HasImplIP: 0
IsGatedGlobalClock: 0


============================================================
+ Verbose Summary: Schedule
============================================================
* Number of FSM states : 3
* Pipeline : 0
* Dataflow Pipeline: 0

* FSM state transitions: 
1 --> 2 
2 --> 3 2 
3 --> 

* FSM state operations: 

State 1 <SV = 0> <Delay = 1.58>
ST_1 : Operation 4 [1/1] (0.00ns)   --->   "%k = alloca i32 1" [C:/Users/nocl1p/Projects/rd_hw/hw7/cpp_src/moving_max.cpp:10]   --->   Operation 4 'alloca' 'k' <Predicate = true> <Delay = 0.00>
ST_1 : Operation 5 [1/1] (0.00ns)   --->   "%spectopmodule_ln6 = spectopmodule void @_ssdm_op_SpecTopModule, void @empty_1" [C:/Users/nocl1p/Projects/rd_hw/hw7/cpp_src/moving_max.cpp:6]   --->   Operation 5 'spectopmodule' 'spectopmodule_ln6' <Predicate = true> <Delay = 0.00>
ST_1 : Operation 6 [1/1] (0.00ns)   --->   "%specinterface_ln0 = specinterface void @_ssdm_op_SpecInterface, i32 %in_data, void @empty, i32 0, i32 0, void @empty_0, i32 4294967295, i32 0, void @empty_0, void @empty_0, void @empty_0, i32 0, i32 0, i32 0, i32 0, void @empty_0, void @empty_0, i32 4294967295, i32 0, i32 0, i32 0"   --->   Operation 6 'specinterface' 'specinterface_ln0' <Predicate = true> <Delay = 0.00>
ST_1 : Operation 7 [1/1] (0.00ns)   --->   "%specbitsmap_ln0 = specbitsmap void @_ssdm_op_SpecBitsMap, i32 %in_data"   --->   Operation 7 'specbitsmap' 'specbitsmap_ln0' <Predicate = true> <Delay = 0.00>
ST_1 : Operation 8 [1/1] (0.00ns)   --->   "%specinterface_ln0 = specinterface void @_ssdm_op_SpecInterface, i32 %out_data, void @empty, i32 0, i32 0, void @empty_0, i32 4294967295, i32 0, void @empty_0, void @empty_0, void @empty_0, i32 0, i32 0, i32 0, i32 0, void @empty_0, void @empty_0, i32 4294967295, i32 0, i32 0, i32 0"   --->   Operation 8 'specinterface' 'specinterface_ln0' <Predicate = true> <Delay = 0.00>
ST_1 : Operation 9 [1/1] (0.00ns)   --->   "%specbitsmap_ln0 = specbitsmap void @_ssdm_op_SpecBitsMap, i32 %out_data"   --->   Operation 9 'specbitsmap' 'specbitsmap_ln0' <Predicate = true> <Delay = 0.00>
ST_1 : Operation 10 [1/1] (1.58ns)   --->   "%store_ln10 = store i4 0, i4 %k" [C:/Users/nocl1p/Projects/rd_hw/hw7/cpp_src/moving_max.cpp:10]   --->   Operation 10 'store' 'store_ln10' <Predicate = true> <Delay = 1.58>
ST_1 : Operation 11 [1/1] (0.00ns)   --->   "%br_ln10 = br void %for.inc" [C:/Users/nocl1p/Projects/rd_hw/hw7/cpp_src/moving_max.cpp:10]   --->   Operation 11 'br' 'br_ln10' <Predicate = true> <Delay = 0.00>

State 2 <SV = 1> <Delay = 3.32>
ST_2 : Operation 12 [1/1] (0.00ns)   --->   "%k_1 = load i4 %k" [C:/Users/nocl1p/Projects/rd_hw/hw7/cpp_src/moving_max.cpp:10]   --->   Operation 12 'load' 'k_1' <Predicate = true> <Delay = 0.00>
ST_2 : Operation 13 [1/1] (1.73ns)   --->   "%icmp_ln10 = icmp_eq  i4 %k_1, i4 8" [C:/Users/nocl1p/Projects/rd_hw/hw7/cpp_src/moving_max.cpp:10]   --->   Operation 13 'icmp' 'icmp_ln10' <Predicate = true> <Delay = 1.73> <CoreInst = "Cmp">   --->   Core 9 'Cmp' <Latency = 0> <II = 1> <Delay = 1.73> <FuncUnit> <Opcode : 'seteq' 'setne' 'setle' 'setge' 'setlt' 'setgt'> <InPorts = 2> <OutPorts = 1>
ST_2 : Operation 14 [1/1] (1.73ns)   --->   "%add_ln10 = add i4 %k_1, i4 1" [C:/Users/nocl1p/Projects/rd_hw/hw7/cpp_src/moving_max.cpp:10]   --->   Operation 14 'add' 'add_ln10' <Predicate = true> <Delay = 1.73> <CoreInst = "Adder">   --->   Core 1 'Adder' <Latency = 0> <II = 1> <Delay = 1.73> <FuncUnit> <Opcode : 'add' 'sub'> <InPorts = 2> <OutPorts = 1>
ST_2 : Operation 15 [1/1] (0.00ns)   --->   "%br_ln10 = br i1 %icmp_ln10, void %for.inc.split, void %MAIN_LOOP" [C:/Users/nocl1p/Projects/rd_hw/hw7/cpp_src/moving_max.cpp:10]   --->   Operation 15 'br' 'br_ln10' <Predicate = true> <Delay = 0.00>
ST_2 : Operation 16 [1/1] (0.00ns)   --->   "%speclooptripcount_ln10 = speclooptripcount void @_ssdm_op_SpecLoopTripCount, i64 8, i64 8, i64 8" [C:/Users/nocl1p/Projects/rd_hw/hw7/cpp_src/moving_max.cpp:10]   --->   Operation 16 'speclooptripcount' 'speclooptripcount_ln10' <Predicate = (!icmp_ln10)> <Delay = 0.00>
ST_2 : Operation 17 [1/1] (0.00ns)   --->   "%specloopname_ln10 = specloopname void @_ssdm_op_SpecLoopName, void @empty_3" [C:/Users/nocl1p/Projects/rd_hw/hw7/cpp_src/moving_max.cpp:10]   --->   Operation 17 'specloopname' 'specloopname_ln10' <Predicate = (!icmp_ln10)> <Delay = 0.00>
ST_2 : Operation 18 [1/1] (1.58ns)   --->   "%store_ln10 = store i4 %add_ln10, i4 %k" [C:/Users/nocl1p/Projects/rd_hw/hw7/cpp_src/moving_max.cpp:10]   --->   Operation 18 'store' 'store_ln10' <Predicate = (!icmp_ln10)> <Delay = 1.58>
ST_2 : Operation 19 [1/1] (0.00ns)   --->   "%br_ln10 = br void %for.inc" [C:/Users/nocl1p/Projects/rd_hw/hw7/cpp_src/moving_max.cpp:10]   --->   Operation 19 'br' 'br_ln10' <Predicate = (!icmp_ln10)> <Delay = 0.00>
ST_2 : Operation 20 [2/2] (1.58ns)   --->   "%call_ln0 = call void @moving_max_Pipeline_MAIN_LOOP, i32 2147483648, i32 2147483648, i32 2147483648, i32 2147483648, i32 2147483648, i32 2147483648, i32 2147483648, i32 %in_data, i32 %out_data"   --->   Operation 20 'call' 'call_ln0' <Predicate = (icmp_ln10)> <Delay = 1.58> <CoreType = "Generic">   --->   Generic Core

State 3 <SV = 2> <Delay = 0.00>
ST_3 : Operation 21 [1/2] (0.00ns)   --->   "%call_ln0 = call void @moving_max_Pipeline_MAIN_LOOP, i32 2147483648, i32 2147483648, i32 2147483648, i32 2147483648, i32 2147483648, i32 2147483648, i32 2147483648, i32 %in_data, i32 %out_data"   --->   Operation 21 'call' 'call_ln0' <Predicate = true> <Delay = 0.00> <CoreType = "Generic">   --->   Generic Core
ST_3 : Operation 22 [1/1] (0.00ns)   --->   "%ret_ln44 = ret" [C:/Users/nocl1p/Projects/rd_hw/hw7/cpp_src/moving_max.cpp:44]   --->   Operation 22 'ret' 'ret_ln44' <Predicate = true> <Delay = 0.00>


============================================================
+ Verbose Summary: Timing violations
============================================================
Target clock period: 10.000ns, clock uncertainty: 2.700ns.

 <State 1>: 1.588ns
The critical path consists of the following:
	'alloca' operation 4 bit ('k', C:/Users/nocl1p/Projects/rd_hw/hw7/cpp_src/moving_max.cpp:10) [3]  (0.000 ns)
	'store' operation ('store_ln10', C:/Users/nocl1p/Projects/rd_hw/hw7/cpp_src/moving_max.cpp:10) of constant 0 4 bit on local variable 'k', C:/Users/nocl1p/Projects/rd_hw/hw7/cpp_src/moving_max.cpp:10 [9]  (1.588 ns)

 <State 2>: 3.323ns
The critical path consists of the following:
	'load' operation 4 bit ('k', C:/Users/nocl1p/Projects/rd_hw/hw7/cpp_src/moving_max.cpp:10) on local variable 'k', C:/Users/nocl1p/Projects/rd_hw/hw7/cpp_src/moving_max.cpp:10 [12]  (0.000 ns)
	'icmp' operation 1 bit ('icmp_ln10', C:/Users/nocl1p/Projects/rd_hw/hw7/cpp_src/moving_max.cpp:10) [13]  (1.735 ns)
	'store' operation ('store_ln10', C:/Users/nocl1p/Projects/rd_hw/hw7/cpp_src/moving_max.cpp:10) of variable 'add_ln10', C:/Users/nocl1p/Projects/rd_hw/hw7/cpp_src/moving_max.cpp:10 4 bit on local variable 'k', C:/Users/nocl1p/Projects/rd_hw/hw7/cpp_src/moving_max.cpp:10 [19]  (1.588 ns)

 <State 3>: 0.000ns
The critical path consists of the following:


============================================================
+ Verbose Summary: Binding
============================================================
N/A
* FSMD analyzer results:
  - Output states:
 - Input state : 
  - Chain level:
	State 1
	State 2
	State 3


============================================================
+ Verbose Summary: Datapath Resource usage 
============================================================
N/A
