

================================================================
== Vitis HLS Report for 'moving_max_Pipeline_MAIN_LOOP'
================================================================
* Date:           Sat Oct 10 13:03:36 2026

* Version:        2026.1 (Build 6493734 on Jun 16 2026)
* Project:        moving_max
* Solution:       hls
* Product family: zynq
* Target device:  xc7z020-clg400-1


================================================================
== Performance Estimates
================================================================
+ Timing: 
    * Summary: 
    +--------+----------+----------+------------+
    |  Clock |  Target  | Estimated| Uncertainty|
    +--------+----------+----------+------------+
    |ap_clk  |  10.00 ns|  6.500 ns|     2.70 ns|
    +--------+----------+----------+------------+

+ Latency: 
    * Summary: 
    +---------+---------+----------+----------+-----+-----+-------------------+
    |  Latency (cycles) |  Latency (absolute) |  Interval |      Pipeline     |
    |   min   |   max   |    min   |    max   | min | max |        Type       |
    +---------+---------+----------+----------+-----+-----+-------------------+
    |       69|       69|  0.690 us|  0.690 us|    0|    0|  loop pipeline stp|
    +---------+---------+----------+----------+-----+-----+-------------------+

    + Detail: 
        * Instance: 
        N/A

        * Loop: 
        +-------------+---------+---------+----------+-----------+-----------+------+----------+
        |             |  Latency (cycles) | Iteration|  Initiation Interval  | Trip |          |
        |  Loop Name  |   min   |   max   |  Latency |  achieved |   target  | Count| Pipelined|
        +-------------+---------+---------+----------+-----------+-----------+------+----------+
        |- MAIN_LOOP  |       67|       67|         5|          1|          1|    64|       yes|
        +-------------+---------+---------+----------+-----------+-----------+------+----------+

============================================================
+ Verbose Summary: Synthesis Manager
============================================================
InlineROM: 1
ExposeGlobal: 0
============================================================
+ Verbose Summary: CDFG Model
============================================================
IsTopModel: 0
ResetActiveHigh: 1
IsCombinational: 0
IsDatapathOnly: 0
HasWiredReturn: 1
HasMFsm: 2
HasVarLatency: 1
IsPipeline: 0
IsRtlPipelined: 0
IsInstanceOverlapped: 0
IsDontTouch: 0
HasImplIP: 0
IsGatedGlobalClock: 0

+ Individual pipeline summary: 
  * Pipeline-0: initiation interval (II) = 1, depth = 5


============================================================
+ Verbose Summary: Schedule
============================================================
* Number of FSM states : 5
* Pipeline : 1
  Pipeline-0 : II = 1, D = 5, States = { 1 2 3 4 5 }
* Dataflow Pipeline: 0

* FSM state transitions: 
1 --> 2 
2 --> 3 
3 --> 4 
4 --> 5 
5 --> 

* FSM state operations: 

State 1 <SV = 0> <Delay = 5.04>
ST_1 : Operation 8 [1/1] (0.00ns)   --->   "%max_value_13 = alloca i32 1" [C:/Users/nocl1p/Projects/rd_hw/hw7/cpp_src/moving_max.cpp:33]   --->   Operation 8 'alloca' 'max_value_13' <Predicate = true> <Delay = 0.00>
ST_1 : Operation 9 [1/1] (0.00ns)   --->   "%n = alloca i32 1" [C:/Users/nocl1p/Projects/rd_hw/hw7/cpp_src/moving_max.cpp:17]   --->   Operation 9 'alloca' 'n' <Predicate = true> <Delay = 0.00>
ST_1 : Operation 10 [1/1] (0.00ns)   --->   "%max_value_11 = alloca i32 1" [C:/Users/nocl1p/Projects/rd_hw/hw7/cpp_src/moving_max.cpp:33]   --->   Operation 10 'alloca' 'max_value_11' <Predicate = true> <Delay = 0.00>
ST_1 : Operation 11 [1/1] (0.00ns)   --->   "%max_value_9 = alloca i32 1" [C:/Users/nocl1p/Projects/rd_hw/hw7/cpp_src/moving_max.cpp:33]   --->   Operation 11 'alloca' 'max_value_9' <Predicate = true> <Delay = 0.00>
ST_1 : Operation 12 [1/1] (0.00ns)   --->   "%max_value_7 = alloca i32 1" [C:/Users/nocl1p/Projects/rd_hw/hw7/cpp_src/moving_max.cpp:33]   --->   Operation 12 'alloca' 'max_value_7' <Predicate = true> <Delay = 0.00>
ST_1 : Operation 13 [1/1] (0.00ns)   --->   "%max_value_5 = alloca i32 1" [C:/Users/nocl1p/Projects/rd_hw/hw7/cpp_src/moving_max.cpp:33]   --->   Operation 13 'alloca' 'max_value_5' <Predicate = true> <Delay = 0.00>
ST_1 : Operation 14 [1/1] (0.00ns)   --->   "%max_value_3 = alloca i32 1" [C:/Users/nocl1p/Projects/rd_hw/hw7/cpp_src/moving_max.cpp:33]   --->   Operation 14 'alloca' 'max_value_3' <Predicate = true> <Delay = 0.00>
ST_1 : Operation 15 [1/1] (0.00ns)   --->   "%max_value_1 = alloca i32 1" [C:/Users/nocl1p/Projects/rd_hw/hw7/cpp_src/moving_max.cpp:33]   --->   Operation 15 'alloca' 'max_value_1' <Predicate = true> <Delay = 0.00>
ST_1 : Operation 16 [1/1] (0.00ns)   --->   "%specinterface_ln0 = specinterface void @_ssdm_op_SpecInterface, i32 %out_data, void @empty, i32 0, i32 0, void @empty_0, i32 4294967295, i32 0, void @empty_0, void @empty_0, void @empty_0, i32 0, i32 0, i32 0, i32 0, void @empty_0, void @empty_0, i32 4294967295, i32 0, i32 0, i32 0"   --->   Operation 16 'specinterface' 'specinterface_ln0' <Predicate = true> <Delay = 0.00>
ST_1 : Operation 17 [1/1] (0.00ns)   --->   "%specinterface_ln0 = specinterface void @_ssdm_op_SpecInterface, i32 %in_data, void @empty, i32 0, i32 0, void @empty_0, i32 4294967295, i32 0, void @empty_0, void @empty_0, void @empty_0, i32 0, i32 0, i32 0, i32 0, void @empty_0, void @empty_0, i32 4294967295, i32 0, i32 0, i32 0"   --->   Operation 17 'specinterface' 'specinterface_ln0' <Predicate = true> <Delay = 0.00>
ST_1 : Operation 18 [1/1] (0.00ns)   --->   "%window_load_read = read i32 @_ssdm_op_Read.ap_auto.i32, i32 %window_load"   --->   Operation 18 'read' 'window_load_read' <Predicate = true> <Delay = 0.00>
ST_1 : Operation 19 [1/1] (0.00ns)   --->   "%window_load_1_read = read i32 @_ssdm_op_Read.ap_auto.i32, i32 %window_load_1"   --->   Operation 19 'read' 'window_load_1_read' <Predicate = true> <Delay = 0.00>
ST_1 : Operation 20 [1/1] (0.00ns)   --->   "%window_load_2_read = read i32 @_ssdm_op_Read.ap_auto.i32, i32 %window_load_2"   --->   Operation 20 'read' 'window_load_2_read' <Predicate = true> <Delay = 0.00>
ST_1 : Operation 21 [1/1] (0.00ns)   --->   "%window_load_3_read = read i32 @_ssdm_op_Read.ap_auto.i32, i32 %window_load_3"   --->   Operation 21 'read' 'window_load_3_read' <Predicate = true> <Delay = 0.00>
ST_1 : Operation 22 [1/1] (0.00ns)   --->   "%window_load_4_read = read i32 @_ssdm_op_Read.ap_auto.i32, i32 %window_load_4"   --->   Operation 22 'read' 'window_load_4_read' <Predicate = true> <Delay = 0.00>
ST_1 : Operation 23 [1/1] (0.00ns)   --->   "%window_load_5_read = read i32 @_ssdm_op_Read.ap_auto.i32, i32 %window_load_5"   --->   Operation 23 'read' 'window_load_5_read' <Predicate = true> <Delay = 0.00>
ST_1 : Operation 24 [1/1] (0.00ns)   --->   "%window_load_6_read = read i32 @_ssdm_op_Read.ap_auto.i32, i32 %window_load_6"   --->   Operation 24 'read' 'window_load_6_read' <Predicate = true> <Delay = 0.00>
ST_1 : Operation 25 [1/1] (1.58ns)   --->   "%store_ln33 = store i32 %window_load_6_read, i32 %max_value_1" [C:/Users/nocl1p/Projects/rd_hw/hw7/cpp_src/moving_max.cpp:33]   --->   Operation 25 'store' 'store_ln33' <Predicate = true> <Delay = 1.58>
ST_1 : Operation 26 [1/1] (1.58ns)   --->   "%store_ln33 = store i32 %window_load_5_read, i32 %max_value_3" [C:/Users/nocl1p/Projects/rd_hw/hw7/cpp_src/moving_max.cpp:33]   --->   Operation 26 'store' 'store_ln33' <Predicate = true> <Delay = 1.58>
ST_1 : Operation 27 [1/1] (1.58ns)   --->   "%store_ln33 = store i32 %window_load_4_read, i32 %max_value_5" [C:/Users/nocl1p/Projects/rd_hw/hw7/cpp_src/moving_max.cpp:33]   --->   Operation 27 'store' 'store_ln33' <Predicate = true> <Delay = 1.58>
ST_1 : Operation 28 [1/1] (1.58ns)   --->   "%store_ln33 = store i32 %window_load_3_read, i32 %max_value_7" [C:/Users/nocl1p/Projects/rd_hw/hw7/cpp_src/moving_max.cpp:33]   --->   Operation 28 'store' 'store_ln33' <Predicate = true> <Delay = 1.58>
ST_1 : Operation 29 [1/1] (1.58ns)   --->   "%store_ln33 = store i32 %window_load_2_read, i32 %max_value_9" [C:/Users/nocl1p/Projects/rd_hw/hw7/cpp_src/moving_max.cpp:33]   --->   Operation 29 'store' 'store_ln33' <Predicate = true> <Delay = 1.58>
ST_1 : Operation 30 [1/1] (1.58ns)   --->   "%store_ln33 = store i32 %window_load_1_read, i32 %max_value_11" [C:/Users/nocl1p/Projects/rd_hw/hw7/cpp_src/moving_max.cpp:33]   --->   Operation 30 'store' 'store_ln33' <Predicate = true> <Delay = 1.58>
ST_1 : Operation 31 [1/1] (1.58ns)   --->   "%store_ln17 = store i7 0, i7 %n" [C:/Users/nocl1p/Projects/rd_hw/hw7/cpp_src/moving_max.cpp:17]   --->   Operation 31 'store' 'store_ln17' <Predicate = true> <Delay = 1.58>
ST_1 : Operation 32 [1/1] (1.58ns)   --->   "%store_ln33 = store i32 %window_load_read, i32 %max_value_13" [C:/Users/nocl1p/Projects/rd_hw/hw7/cpp_src/moving_max.cpp:33]   --->   Operation 32 'store' 'store_ln33' <Predicate = true> <Delay = 1.58>
ST_1 : Operation 33 [1/1] (0.00ns)   --->   "%br_ln0 = br void %SHIFT_LOOP"   --->   Operation 33 'br' 'br_ln0' <Predicate = true> <Delay = 0.00>
ST_1 : Operation 34 [1/1] (0.00ns)   --->   "%n_1 = load i7 %n" [C:/Users/nocl1p/Projects/rd_hw/hw7/cpp_src/moving_max.cpp:17]   --->   Operation 34 'load' 'n_1' <Predicate = true> <Delay = 0.00>
ST_1 : Operation 35 [1/1] (1.87ns)   --->   "%icmp_ln17 = icmp_eq  i7 %n_1, i7 64" [C:/Users/nocl1p/Projects/rd_hw/hw7/cpp_src/moving_max.cpp:17]   --->   Operation 35 'icmp' 'icmp_ln17' <Predicate = true> <Delay = 1.87> <CoreInst = "Cmp">   --->   Core 9 'Cmp' <Latency = 0> <II = 1> <Delay = 1.87> <FuncUnit> <Opcode : 'seteq' 'setne' 'setle' 'setge' 'setlt' 'setgt'> <InPorts = 2> <OutPorts = 1>
ST_1 : Operation 36 [1/1] (1.87ns)   --->   "%add_ln17 = add i7 %n_1, i7 1" [C:/Users/nocl1p/Projects/rd_hw/hw7/cpp_src/moving_max.cpp:17]   --->   Operation 36 'add' 'add_ln17' <Predicate = true> <Delay = 1.87> <CoreInst = "Adder">   --->   Core 1 'Adder' <Latency = 0> <II = 1> <Delay = 1.87> <FuncUnit> <Opcode : 'add' 'sub'> <InPorts = 2> <OutPorts = 1>
ST_1 : Operation 37 [1/1] (0.00ns)   --->   "%br_ln17 = br i1 %icmp_ln17, void %SHIFT_LOOP.split, void %for.end36.exitStub" [C:/Users/nocl1p/Projects/rd_hw/hw7/cpp_src/moving_max.cpp:17]   --->   Operation 37 'br' 'br_ln17' <Predicate = true> <Delay = 0.00>
ST_1 : Operation 38 [1/1] (0.00ns)   --->   "%zext_ln17 = zext i7 %n_1" [C:/Users/nocl1p/Projects/rd_hw/hw7/cpp_src/moving_max.cpp:17]   --->   Operation 38 'zext' 'zext_ln17' <Predicate = (!icmp_ln17)> <Delay = 0.00>
ST_1 : Operation 39 [1/1] (0.00ns)   --->   "%in_data_addr = getelementptr i32 %in_data, i64 0, i64 %zext_ln17" [C:/Users/nocl1p/Projects/rd_hw/hw7/cpp_src/moving_max.cpp:28]   --->   Operation 39 'getelementptr' 'in_data_addr' <Predicate = (!icmp_ln17)> <Delay = 0.00>
ST_1 : Operation 40 [2/2] (0.00ns)   --->   "%max_value = load i6 %in_data_addr" [C:/Users/nocl1p/Projects/rd_hw/hw7/cpp_src/moving_max.cpp:28]   --->   Operation 40 'load' 'max_value' <Predicate = (!icmp_ln17)> <Delay = 0.00> <CoreInst = "RAM">   --->   Core 81 'RAM' <Latency = 1> <II = 1> <Delay = 3.25> <Storage> <Opcode : 'load' 'store'> <Ports = 2> <Width = 32> <Depth = 64> <RAM>
ST_1 : Operation 41 [1/1] (1.58ns)   --->   "%store_ln17 = store i7 %add_ln17, i7 %n" [C:/Users/nocl1p/Projects/rd_hw/hw7/cpp_src/moving_max.cpp:17]   --->   Operation 41 'store' 'store_ln17' <Predicate = (!icmp_ln17)> <Delay = 1.58>

State 2 <SV = 1> <Delay = 6.50>
ST_2 : Operation 42 [1/1] (0.00ns)   --->   "%max_value_19 = load i32 %max_value_5" [C:/Users/nocl1p/Projects/rd_hw/hw7/cpp_src/moving_max.cpp:37]   --->   Operation 42 'load' 'max_value_19' <Predicate = true> <Delay = 0.00>
ST_2 : Operation 43 [1/1] (0.00ns)   --->   "%max_value_17 = load i32 %max_value_3" [C:/Users/nocl1p/Projects/rd_hw/hw7/cpp_src/moving_max.cpp:37]   --->   Operation 43 'load' 'max_value_17' <Predicate = true> <Delay = 0.00>
ST_2 : Operation 44 [1/1] (0.00ns)   --->   "%max_value_15 = load i32 %max_value_1" [C:/Users/nocl1p/Projects/rd_hw/hw7/cpp_src/moving_max.cpp:37]   --->   Operation 44 'load' 'max_value_15' <Predicate = true> <Delay = 0.00>
ST_2 : Operation 45 [1/2] ( I:0.00ns O:0.00ns )   --->   "%max_value = load i6 %in_data_addr" [C:/Users/nocl1p/Projects/rd_hw/hw7/cpp_src/moving_max.cpp:28]   --->   Operation 45 'load' 'max_value' <Predicate = (!icmp_ln17)> <Delay = 0.00> <CoreInst = "RAM">   --->   Core 81 'RAM' <Latency = 1> <II = 1> <Delay = 3.25> <Storage> <Opcode : 'load' 'store'> <Ports = 2> <Width = 32> <Depth = 64> <RAM>
ST_2 : Operation 46 [1/1] (2.55ns)   --->   "%icmp_ln37 = icmp_sgt  i32 %max_value_15, i32 %max_value" [C:/Users/nocl1p/Projects/rd_hw/hw7/cpp_src/moving_max.cpp:37]   --->   Operation 46 'icmp' 'icmp_ln37' <Predicate = (!icmp_ln17)> <Delay = 2.55> <CoreInst = "Cmp">   --->   Core 9 'Cmp' <Latency = 0> <II = 1> <Delay = 2.55> <FuncUnit> <Opcode : 'seteq' 'setne' 'setle' 'setge' 'setlt' 'setgt'> <InPorts = 2> <OutPorts = 1>
ST_2 : Operation 47 [1/1] (0.69ns)   --->   "%max_value_16 = select i1 %icmp_ln37, i32 %max_value_15, i32 %max_value" [C:/Users/nocl1p/Projects/rd_hw/hw7/cpp_src/moving_max.cpp:37]   --->   Operation 47 'select' 'max_value_16' <Predicate = (!icmp_ln17)> <Delay = 0.69> <CoreInst = "Sel">   --->   Core 73 'Sel' <Latency = 0> <II = 1> <Delay = 0.69> <FuncUnit> <Opcode : 'select'> <InPorts = 3> <OutPorts = 1>
ST_2 : Operation 48 [1/1] (2.55ns)   --->   "%icmp_ln37_1 = icmp_sgt  i32 %max_value_17, i32 %max_value_16" [C:/Users/nocl1p/Projects/rd_hw/hw7/cpp_src/moving_max.cpp:37]   --->   Operation 48 'icmp' 'icmp_ln37_1' <Predicate = (!icmp_ln17)> <Delay = 2.55> <CoreInst = "Cmp">   --->   Core 9 'Cmp' <Latency = 0> <II = 1> <Delay = 2.55> <FuncUnit> <Opcode : 'seteq' 'setne' 'setle' 'setge' 'setlt' 'setgt'> <InPorts = 2> <OutPorts = 1>
ST_2 : Operation 49 [1/1] (0.69ns)   --->   "%max_value_18 = select i1 %icmp_ln37_1, i32 %max_value_17, i32 %max_value_16" [C:/Users/nocl1p/Projects/rd_hw/hw7/cpp_src/moving_max.cpp:37]   --->   Operation 49 'select' 'max_value_18' <Predicate = (!icmp_ln17)> <Delay = 0.69> <CoreInst = "Sel">   --->   Core 73 'Sel' <Latency = 0> <II = 1> <Delay = 0.69> <FuncUnit> <Opcode : 'select'> <InPorts = 3> <OutPorts = 1>
ST_2 : Operation 50 [1/1] (1.58ns)   --->   "%store_ln33 = store i32 %max_value, i32 %max_value_1" [C:/Users/nocl1p/Projects/rd_hw/hw7/cpp_src/moving_max.cpp:33]   --->   Operation 50 'store' 'store_ln33' <Predicate = (!icmp_ln17)> <Delay = 1.58>
ST_2 : Operation 51 [1/1] (1.58ns)   --->   "%store_ln33 = store i32 %max_value_15, i32 %max_value_3" [C:/Users/nocl1p/Projects/rd_hw/hw7/cpp_src/moving_max.cpp:33]   --->   Operation 51 'store' 'store_ln33' <Predicate = (!icmp_ln17)> <Delay = 1.58>
ST_2 : Operation 52 [1/1] (1.58ns)   --->   "%store_ln33 = store i32 %max_value_17, i32 %max_value_5" [C:/Users/nocl1p/Projects/rd_hw/hw7/cpp_src/moving_max.cpp:33]   --->   Operation 52 'store' 'store_ln33' <Predicate = (!icmp_ln17)> <Delay = 1.58>

State 3 <SV = 2> <Delay = 6.50>
ST_3 : Operation 53 [1/1] (0.00ns)   --->   "%max_value_23 = load i32 %max_value_9" [C:/Users/nocl1p/Projects/rd_hw/hw7/cpp_src/moving_max.cpp:37]   --->   Operation 53 'load' 'max_value_23' <Predicate = true> <Delay = 0.00>
ST_3 : Operation 54 [1/1] (0.00ns)   --->   "%max_value_21 = load i32 %max_value_7" [C:/Users/nocl1p/Projects/rd_hw/hw7/cpp_src/moving_max.cpp:37]   --->   Operation 54 'load' 'max_value_21' <Predicate = true> <Delay = 0.00>
ST_3 : Operation 55 [1/1] (2.55ns)   --->   "%icmp_ln37_2 = icmp_sgt  i32 %max_value_19, i32 %max_value_18" [C:/Users/nocl1p/Projects/rd_hw/hw7/cpp_src/moving_max.cpp:37]   --->   Operation 55 'icmp' 'icmp_ln37_2' <Predicate = (!icmp_ln17)> <Delay = 2.55> <CoreInst = "Cmp">   --->   Core 9 'Cmp' <Latency = 0> <II = 1> <Delay = 2.55> <FuncUnit> <Opcode : 'seteq' 'setne' 'setle' 'setge' 'setlt' 'setgt'> <InPorts = 2> <OutPorts = 1>
ST_3 : Operation 56 [1/1] (0.69ns)   --->   "%max_value_20 = select i1 %icmp_ln37_2, i32 %max_value_19, i32 %max_value_18" [C:/Users/nocl1p/Projects/rd_hw/hw7/cpp_src/moving_max.cpp:37]   --->   Operation 56 'select' 'max_value_20' <Predicate = (!icmp_ln17)> <Delay = 0.69> <CoreInst = "Sel">   --->   Core 73 'Sel' <Latency = 0> <II = 1> <Delay = 0.69> <FuncUnit> <Opcode : 'select'> <InPorts = 3> <OutPorts = 1>
ST_3 : Operation 57 [1/1] (2.55ns)   --->   "%icmp_ln37_3 = icmp_sgt  i32 %max_value_21, i32 %max_value_20" [C:/Users/nocl1p/Projects/rd_hw/hw7/cpp_src/moving_max.cpp:37]   --->   Operation 57 'icmp' 'icmp_ln37_3' <Predicate = (!icmp_ln17)> <Delay = 2.55> <CoreInst = "Cmp">   --->   Core 9 'Cmp' <Latency = 0> <II = 1> <Delay = 2.55> <FuncUnit> <Opcode : 'seteq' 'setne' 'setle' 'setge' 'setlt' 'setgt'> <InPorts = 2> <OutPorts = 1>
ST_3 : Operation 58 [1/1] (0.69ns)   --->   "%max_value_22 = select i1 %icmp_ln37_3, i32 %max_value_21, i32 %max_value_20" [C:/Users/nocl1p/Projects/rd_hw/hw7/cpp_src/moving_max.cpp:37]   --->   Operation 58 'select' 'max_value_22' <Predicate = (!icmp_ln17)> <Delay = 0.69> <CoreInst = "Sel">   --->   Core 73 'Sel' <Latency = 0> <II = 1> <Delay = 0.69> <FuncUnit> <Opcode : 'select'> <InPorts = 3> <OutPorts = 1>
ST_3 : Operation 59 [1/1] (1.58ns)   --->   "%store_ln33 = store i32 %max_value_19, i32 %max_value_7" [C:/Users/nocl1p/Projects/rd_hw/hw7/cpp_src/moving_max.cpp:33]   --->   Operation 59 'store' 'store_ln33' <Predicate = (!icmp_ln17)> <Delay = 1.58>
ST_3 : Operation 60 [1/1] (1.58ns)   --->   "%store_ln33 = store i32 %max_value_21, i32 %max_value_9" [C:/Users/nocl1p/Projects/rd_hw/hw7/cpp_src/moving_max.cpp:33]   --->   Operation 60 'store' 'store_ln33' <Predicate = (!icmp_ln17)> <Delay = 1.58>

State 4 <SV = 3> <Delay = 6.50>
ST_4 : Operation 61 [1/1] (0.00ns)   --->   "%max_value_25 = load i32 %max_value_11" [C:/Users/nocl1p/Projects/rd_hw/hw7/cpp_src/moving_max.cpp:37]   --->   Operation 61 'load' 'max_value_25' <Predicate = true> <Delay = 0.00>
ST_4 : Operation 62 [1/1] (2.55ns)   --->   "%icmp_ln37_4 = icmp_sgt  i32 %max_value_23, i32 %max_value_22" [C:/Users/nocl1p/Projects/rd_hw/hw7/cpp_src/moving_max.cpp:37]   --->   Operation 62 'icmp' 'icmp_ln37_4' <Predicate = (!icmp_ln17)> <Delay = 2.55> <CoreInst = "Cmp">   --->   Core 9 'Cmp' <Latency = 0> <II = 1> <Delay = 2.55> <FuncUnit> <Opcode : 'seteq' 'setne' 'setle' 'setge' 'setlt' 'setgt'> <InPorts = 2> <OutPorts = 1>
ST_4 : Operation 63 [1/1] (0.69ns)   --->   "%max_value_24 = select i1 %icmp_ln37_4, i32 %max_value_23, i32 %max_value_22" [C:/Users/nocl1p/Projects/rd_hw/hw7/cpp_src/moving_max.cpp:37]   --->   Operation 63 'select' 'max_value_24' <Predicate = (!icmp_ln17)> <Delay = 0.69> <CoreInst = "Sel">   --->   Core 73 'Sel' <Latency = 0> <II = 1> <Delay = 0.69> <FuncUnit> <Opcode : 'select'> <InPorts = 3> <OutPorts = 1>
ST_4 : Operation 64 [1/1] (2.55ns)   --->   "%icmp_ln37_5 = icmp_sgt  i32 %max_value_25, i32 %max_value_24" [C:/Users/nocl1p/Projects/rd_hw/hw7/cpp_src/moving_max.cpp:37]   --->   Operation 64 'icmp' 'icmp_ln37_5' <Predicate = (!icmp_ln17)> <Delay = 2.55> <CoreInst = "Cmp">   --->   Core 9 'Cmp' <Latency = 0> <II = 1> <Delay = 2.55> <FuncUnit> <Opcode : 'seteq' 'setne' 'setle' 'setge' 'setlt' 'setgt'> <InPorts = 2> <OutPorts = 1>
ST_4 : Operation 65 [1/1] (0.69ns)   --->   "%max_value_26 = select i1 %icmp_ln37_5, i32 %max_value_25, i32 %max_value_24" [C:/Users/nocl1p/Projects/rd_hw/hw7/cpp_src/moving_max.cpp:37]   --->   Operation 65 'select' 'max_value_26' <Predicate = (!icmp_ln17)> <Delay = 0.69> <CoreInst = "Sel">   --->   Core 73 'Sel' <Latency = 0> <II = 1> <Delay = 0.69> <FuncUnit> <Opcode : 'select'> <InPorts = 3> <OutPorts = 1>
ST_4 : Operation 66 [1/1] (1.58ns)   --->   "%store_ln33 = store i32 %max_value_23, i32 %max_value_11" [C:/Users/nocl1p/Projects/rd_hw/hw7/cpp_src/moving_max.cpp:33]   --->   Operation 66 'store' 'store_ln33' <Predicate = (!icmp_ln17)> <Delay = 1.58>
ST_4 : Operation 77 [1/1] (1.58ns)   --->   "%ret_ln0 = ret"   --->   Operation 77 'ret' 'ret_ln0' <Predicate = (icmp_ln17)> <Delay = 1.58>

State 5 <SV = 4> <Delay = 3.25>
ST_5 : Operation 67 [1/1] (0.00ns)   --->   "%max_value_13_load = load i32 %max_value_13" [C:/Users/nocl1p/Projects/rd_hw/hw7/cpp_src/moving_max.cpp:37]   --->   Operation 67 'load' 'max_value_13_load' <Predicate = true> <Delay = 0.00>
ST_5 : Operation 68 [1/1] (0.00ns)   --->   "%specpipeline_ln19 = specpipeline void @_ssdm_op_SpecPipeline, i32 1, i32 0, i32 0, i32 0, i32 4294967295, void @empty_0" [C:/Users/nocl1p/Projects/rd_hw/hw7/cpp_src/moving_max.cpp:19]   --->   Operation 68 'specpipeline' 'specpipeline_ln19' <Predicate = true> <Delay = 0.00>
ST_5 : Operation 69 [1/1] (0.00ns)   --->   "%speclooptripcount_ln17 = speclooptripcount void @_ssdm_op_SpecLoopTripCount, i64 64, i64 64, i64 64" [C:/Users/nocl1p/Projects/rd_hw/hw7/cpp_src/moving_max.cpp:17]   --->   Operation 69 'speclooptripcount' 'speclooptripcount_ln17' <Predicate = true> <Delay = 0.00>
ST_5 : Operation 70 [1/1] (0.00ns)   --->   "%specloopname_ln17 = specloopname void @_ssdm_op_SpecLoopName, void @empty_2" [C:/Users/nocl1p/Projects/rd_hw/hw7/cpp_src/moving_max.cpp:17]   --->   Operation 70 'specloopname' 'specloopname_ln17' <Predicate = true> <Delay = 0.00>
ST_5 : Operation 71 [1/1] (2.55ns)   --->   "%icmp_ln37_6 = icmp_sgt  i32 %max_value_13_load, i32 %max_value_26" [C:/Users/nocl1p/Projects/rd_hw/hw7/cpp_src/moving_max.cpp:37]   --->   Operation 71 'icmp' 'icmp_ln37_6' <Predicate = true> <Delay = 2.55> <CoreInst = "Cmp">   --->   Core 9 'Cmp' <Latency = 0> <II = 1> <Delay = 2.55> <FuncUnit> <Opcode : 'seteq' 'setne' 'setle' 'setge' 'setlt' 'setgt'> <InPorts = 2> <OutPorts = 1>
ST_5 : Operation 72 [1/1] (0.69ns)   --->   "%max_value_27 = select i1 %icmp_ln37_6, i32 %max_value_13_load, i32 %max_value_26" [C:/Users/nocl1p/Projects/rd_hw/hw7/cpp_src/moving_max.cpp:37]   --->   Operation 72 'select' 'max_value_27' <Predicate = true> <Delay = 0.69> <CoreInst = "Sel">   --->   Core 73 'Sel' <Latency = 0> <II = 1> <Delay = 0.69> <FuncUnit> <Opcode : 'select'> <InPorts = 3> <OutPorts = 1>
ST_5 : Operation 73 [1/1] (0.00ns)   --->   "%out_data_addr = getelementptr i32 %out_data, i64 0, i64 %zext_ln17" [C:/Users/nocl1p/Projects/rd_hw/hw7/cpp_src/moving_max.cpp:42]   --->   Operation 73 'getelementptr' 'out_data_addr' <Predicate = true> <Delay = 0.00>
ST_5 : Operation 74 [1/1] ( I:0.00ns O:0.00ns )   --->   "%store_ln42 = store i32 %max_value_27, i6 %out_data_addr" [C:/Users/nocl1p/Projects/rd_hw/hw7/cpp_src/moving_max.cpp:42]   --->   Operation 74 'store' 'store_ln42' <Predicate = true> <Delay = 0.00> <CoreInst = "RAM">   --->   Core 81 'RAM' <Latency = 0> <II = 1> <Delay = 1.68> <Storage> <Opcode : 'load' 'store'> <Ports = 2> <Width = 32> <Depth = 64> <RAM>
ST_5 : Operation 75 [1/1] (1.58ns)   --->   "%store_ln33 = store i32 %max_value_25, i32 %max_value_13" [C:/Users/nocl1p/Projects/rd_hw/hw7/cpp_src/moving_max.cpp:33]   --->   Operation 75 'store' 'store_ln33' <Predicate = true> <Delay = 1.58>
ST_5 : Operation 76 [1/1] (0.00ns)   --->   "%br_ln17 = br void %SHIFT_LOOP" [C:/Users/nocl1p/Projects/rd_hw/hw7/cpp_src/moving_max.cpp:17]   --->   Operation 76 'br' 'br_ln17' <Predicate = true> <Delay = 0.00>


============================================================
+ Verbose Summary: Binding
============================================================
STG Binding: 
---------------- STG Properties BEGIN ----------------
- Is combinational: 0
- Is one-state seq: 0
- Is datapath-only: 0
- Is pipelined: 0
- Is top level: 0
Port [ Return ] is wired: 1; IO mode=ap_ctrl_hs:ce=0
Port [ window_load_6]:  wired=1; compound=0; hidden=0; nouse=0; global=0; static=0; extern=0; dir=0; type=0; pingpong=0; private_global=0; IO mode=ap_none:ce=0
Port [ window_load_5]:  wired=1; compound=0; hidden=0; nouse=0; global=0; static=0; extern=0; dir=0; type=0; pingpong=0; private_global=0; IO mode=ap_none:ce=0
Port [ window_load_4]:  wired=1; compound=0; hidden=0; nouse=0; global=0; static=0; extern=0; dir=0; type=0; pingpong=0; private_global=0; IO mode=ap_none:ce=0
Port [ window_load_3]:  wired=1; compound=0; hidden=0; nouse=0; global=0; static=0; extern=0; dir=0; type=0; pingpong=0; private_global=0; IO mode=ap_none:ce=0
Port [ window_load_2]:  wired=1; compound=0; hidden=0; nouse=0; global=0; static=0; extern=0; dir=0; type=0; pingpong=0; private_global=0; IO mode=ap_none:ce=0
Port [ window_load_1]:  wired=1; compound=0; hidden=0; nouse=0; global=0; static=0; extern=0; dir=0; type=0; pingpong=0; private_global=0; IO mode=ap_none:ce=0
Port [ window_load]:  wired=1; compound=0; hidden=0; nouse=0; global=0; static=0; extern=0; dir=0; type=0; pingpong=0; private_global=0; IO mode=ap_none:ce=0
Port [ in_data]:  wired=1; compound=1; hidden=0; nouse=0; global=0; static=0; extern=0; dir=0; type=1; pingpong=0; private_global=0; MemPort=[13]; IO mode=ap_memory:ce=0
Port [ out_data]:  wired=1; compound=1; hidden=0; nouse=0; global=0; static=0; extern=0; dir=1; type=1; pingpong=0; private_global=0; MemPort=[03]; IO mode=ap_memory:ce=0
---------------- STG Properties END ------------------

---------------- Datapath Model BEGIN ----------------

<LifeTime>
<method=bitvector/>
max_value_13           (alloca           ) [ 011111]
n                      (alloca           ) [ 010000]
max_value_11           (alloca           ) [ 011110]
max_value_9            (alloca           ) [ 011100]
max_value_7            (alloca           ) [ 011100]
max_value_5            (alloca           ) [ 011000]
max_value_3            (alloca           ) [ 011000]
max_value_1            (alloca           ) [ 011000]
specinterface_ln0      (specinterface    ) [ 000000]
specinterface_ln0      (specinterface    ) [ 000000]
window_load_read       (read             ) [ 000000]
window_load_1_read     (read             ) [ 000000]
window_load_2_read     (read             ) [ 000000]
window_load_3_read     (read             ) [ 000000]
window_load_4_read     (read             ) [ 000000]
window_load_5_read     (read             ) [ 000000]
window_load_6_read     (read             ) [ 000000]
store_ln33             (store            ) [ 000000]
store_ln33             (store            ) [ 000000]
store_ln33             (store            ) [ 000000]
store_ln33             (store            ) [ 000000]
store_ln33             (store            ) [ 000000]
store_ln33             (store            ) [ 000000]
store_ln17             (store            ) [ 000000]
store_ln33             (store            ) [ 000000]
br_ln0                 (br               ) [ 000000]
n_1                    (load             ) [ 000000]
icmp_ln17              (icmp             ) [ 011110]
add_ln17               (add              ) [ 000000]
br_ln17                (br               ) [ 000000]
zext_ln17              (zext             ) [ 011111]
in_data_addr           (getelementptr    ) [ 011000]
store_ln17             (store            ) [ 000000]
max_value_19           (load             ) [ 010100]
max_value_17           (load             ) [ 000000]
max_value_15           (load             ) [ 000000]
max_value              (load             ) [ 000000]
icmp_ln37              (icmp             ) [ 000000]
max_value_16           (select           ) [ 000000]
icmp_ln37_1            (icmp             ) [ 000000]
max_value_18           (select           ) [ 010100]
store_ln33             (store            ) [ 000000]
store_ln33             (store            ) [ 000000]
store_ln33             (store            ) [ 000000]
max_value_23           (load             ) [ 010010]
max_value_21           (load             ) [ 000000]
icmp_ln37_2            (icmp             ) [ 000000]
max_value_20           (select           ) [ 000000]
icmp_ln37_3            (icmp             ) [ 000000]
max_value_22           (select           ) [ 010010]
store_ln33             (store            ) [ 000000]
store_ln33             (store            ) [ 000000]
max_value_25           (load             ) [ 010001]
icmp_ln37_4            (icmp             ) [ 000000]
max_value_24           (select           ) [ 000000]
icmp_ln37_5            (icmp             ) [ 000000]
max_value_26           (select           ) [ 010001]
store_ln33             (store            ) [ 000000]
max_value_13_load      (load             ) [ 000000]
specpipeline_ln19      (specpipeline     ) [ 000000]
speclooptripcount_ln17 (speclooptripcount) [ 000000]
specloopname_ln17      (specloopname     ) [ 000000]
icmp_ln37_6            (icmp             ) [ 000000]
max_value_27           (select           ) [ 000000]
out_data_addr          (getelementptr    ) [ 000000]
store_ln42             (store            ) [ 000000]
store_ln33             (store            ) [ 000000]
br_ln17                (br               ) [ 000000]
ret_ln0                (ret              ) [ 000000]
</LifeTime>

<model>

<comp_list>
<comp id="0" class="1000" name="window_load_6">
<pin_list>
<pin id="1" dir="1" index="0" bw="1" slack="0"/>
</pin_list>
<bind>
<StgValue><ssdm name="window_load_6"/></StgValue>
</bind>
</comp>

<comp id="2" class="1000" name="window_load_5">
<pin_list>
<pin id="3" dir="1" index="0" bw="1" slack="0"/>
</pin_list>
<bind>
<StgValue><ssdm name="window_load_5"/></StgValue>
</bind>
</comp>

<comp id="4" class="1000" name="window_load_4">
<pin_list>
<pin id="5" dir="1" index="0" bw="1" slack="0"/>
</pin_list>
<bind>
<StgValue><ssdm name="window_load_4"/></StgValue>
</bind>
</comp>

<comp id="6" class="1000" name="window_load_3">
<pin_list>
<pin id="7" dir="1" index="0" bw="1" slack="0"/>
</pin_list>
<bind>
<StgValue><ssdm name="window_load_3"/></StgValue>
</bind>
</comp>

<comp id="8" class="1000" name="window_load_2">
<pin_list>
<pin id="9" dir="1" index="0" bw="1" slack="0"/>
</pin_list>
<bind>
<StgValue><ssdm name="window_load_2"/></StgValue>
</bind>
</comp>

<comp id="10" class="1000" name="window_load_1">
<pin_list>
<pin id="11" dir="1" index="0" bw="1" slack="0"/>
</pin_list>
<bind>
<StgValue><ssdm name="window_load_1"/></StgValue>
</bind>
</comp>

<comp id="12" class="1000" name="window_load">
<pin_list>
<pin id="13" dir="1" index="0" bw="1" slack="0"/>
</pin_list>
<bind>
<StgValue><ssdm name="window_load"/></StgValue>
</bind>
</comp>

<comp id="14" class="1000" name="in_data">
<pin_list>
<pin id="15" dir="1" index="0" bw="1" slack="0"/>
</pin_list>
<bind>
<StgValue><ssdm name="in_data"/><MemPortTyVec>1 3 </MemPortTyVec>
</StgValue>
</bind>
</comp>

<comp id="16" class="1000" name="out_data">
<pin_list>
<pin id="17" dir="1" index="0" bw="1" slack="0"/>
</pin_list>
<bind>
<StgValue><ssdm name="out_data"/><MemPortTyVec>0 3 </MemPortTyVec>
</StgValue>
</bind>
</comp>

<comp id="18" class="1001" name="const_18">
<pin_list>
<pin id="19" dir="1" index="0" bw="1" slack="0"/>
</pin_list>
<bind>
<StgValue><ssdm name=""/></StgValue>
</bind>
</comp>

<comp id="20" class="1001" name="const_20">
<pin_list>
<pin id="21" dir="1" index="0" bw="1" slack="2147483647"/>
</pin_list>
<bind>
<StgValue><ssdm name="_ssdm_op_SpecInterface"/></StgValue>
</bind>
</comp>

<comp id="22" class="1001" name="const_22">
<pin_list>
<pin id="23" dir="1" index="0" bw="1" slack="2147483647"/>
</pin_list>
<bind>
<StgValue><ssdm name="empty"/></StgValue>
</bind>
</comp>

<comp id="24" class="1001" name="const_24">
<pin_list>
<pin id="25" dir="1" index="0" bw="1" slack="2147483647"/>
</pin_list>
<bind>
<StgValue><ssdm name=""/></StgValue>
</bind>
</comp>

<comp id="26" class="1001" name="const_26">
<pin_list>
<pin id="27" dir="1" index="0" bw="1" slack="2147483647"/>
</pin_list>
<bind>
<StgValue><ssdm name="empty_0"/></StgValue>
</bind>
</comp>

<comp id="28" class="1001" name="const_28">
<pin_list>
<pin id="29" dir="1" index="0" bw="1" slack="2147483647"/>
</pin_list>
<bind>
<StgValue><ssdm name=""/></StgValue>
</bind>
</comp>

<comp id="30" class="1001" name="const_30">
<pin_list>
<pin id="31" dir="1" index="0" bw="1" slack="0"/>
</pin_list>
<bind>
<StgValue><ssdm name="_ssdm_op_Read.ap_auto.i32"/></StgValue>
</bind>
</comp>

<comp id="32" class="1001" name="const_32">
<pin_list>
<pin id="33" dir="1" index="0" bw="1" slack="0"/>
</pin_list>
<bind>
<StgValue><ssdm name=""/></StgValue>
</bind>
</comp>

<comp id="34" class="1001" name="const_34">
<pin_list>
<pin id="35" dir="1" index="0" bw="1" slack="0"/>
</pin_list>
<bind>
<StgValue><ssdm name=""/></StgValue>
</bind>
</comp>

<comp id="36" class="1001" name="const_36">
<pin_list>
<pin id="37" dir="1" index="0" bw="1" slack="0"/>
</pin_list>
<bind>
<StgValue><ssdm name=""/></StgValue>
</bind>
</comp>

<comp id="38" class="1001" name="const_38">
<pin_list>
<pin id="39" dir="1" index="0" bw="1" slack="0"/>
</pin_list>
<bind>
<StgValue><ssdm name=""/></StgValue>
</bind>
</comp>

<comp id="40" class="1001" name="const_40">
<pin_list>
<pin id="41" dir="1" index="0" bw="1" slack="2147483647"/>
</pin_list>
<bind>
<StgValue><ssdm name="_ssdm_op_SpecPipeline"/></StgValue>
</bind>
</comp>

<comp id="42" class="1001" name="const_42">
<pin_list>
<pin id="43" dir="1" index="0" bw="1" slack="2147483647"/>
</pin_list>
<bind>
<StgValue><ssdm name="_ssdm_op_SpecLoopTripCount"/></StgValue>
</bind>
</comp>

<comp id="44" class="1001" name="const_44">
<pin_list>
<pin id="45" dir="1" index="0" bw="1" slack="2147483647"/>
</pin_list>
<bind>
<StgValue><ssdm name=""/></StgValue>
</bind>
</comp>

<comp id="46" class="1001" name="const_46">
<pin_list>
<pin id="47" dir="1" index="0" bw="1" slack="2147483647"/>
</pin_list>
<bind>
<StgValue><ssdm name="_ssdm_op_SpecLoopName"/></StgValue>
</bind>
</comp>

<comp id="48" class="1001" name="const_48">
<pin_list>
<pin id="49" dir="1" index="0" bw="1" slack="2147483647"/>
</pin_list>
<bind>
<StgValue><ssdm name="empty_2"/></StgValue>
</bind>
</comp>

<comp id="50" class="1004" name="max_value_13_fu_50">
<pin_list>
<pin id="51" dir="0" index="0" bw="1" slack="0"/>
<pin id="52" dir="1" index="1" bw="32" slack="0"/>
</pin_list>
<bind>
<opcode="alloca(26) " fcode="alloca"/>
<opset="max_value_13/1 "/>
</bind>
</comp>

<comp id="54" class="1004" name="n_fu_54">
<pin_list>
<pin id="55" dir="0" index="0" bw="1" slack="0"/>
<pin id="56" dir="1" index="1" bw="7" slack="0"/>
</pin_list>
<bind>
<opcode="alloca(26) " fcode="alloca"/>
<opset="n/1 "/>
</bind>
</comp>

<comp id="58" class="1004" name="max_value_11_fu_58">
<pin_list>
<pin id="59" dir="0" index="0" bw="1" slack="0"/>
<pin id="60" dir="1" index="1" bw="32" slack="0"/>
</pin_list>
<bind>
<opcode="alloca(26) " fcode="alloca"/>
<opset="max_value_11/1 "/>
</bind>
</comp>

<comp id="62" class="1004" name="max_value_9_fu_62">
<pin_list>
<pin id="63" dir="0" index="0" bw="1" slack="0"/>
<pin id="64" dir="1" index="1" bw="32" slack="0"/>
</pin_list>
<bind>
<opcode="alloca(26) " fcode="alloca"/>
<opset="max_value_9/1 "/>
</bind>
</comp>

<comp id="66" class="1004" name="max_value_7_fu_66">
<pin_list>
<pin id="67" dir="0" index="0" bw="1" slack="0"/>
<pin id="68" dir="1" index="1" bw="32" slack="0"/>
</pin_list>
<bind>
<opcode="alloca(26) " fcode="alloca"/>
<opset="max_value_7/1 "/>
</bind>
</comp>

<comp id="70" class="1004" name="max_value_5_fu_70">
<pin_list>
<pin id="71" dir="0" index="0" bw="1" slack="0"/>
<pin id="72" dir="1" index="1" bw="32" slack="0"/>
</pin_list>
<bind>
<opcode="alloca(26) " fcode="alloca"/>
<opset="max_value_5/1 "/>
</bind>
</comp>

<comp id="74" class="1004" name="max_value_3_fu_74">
<pin_list>
<pin id="75" dir="0" index="0" bw="1" slack="0"/>
<pin id="76" dir="1" index="1" bw="32" slack="0"/>
</pin_list>
<bind>
<opcode="alloca(26) " fcode="alloca"/>
<opset="max_value_3/1 "/>
</bind>
</comp>

<comp id="78" class="1004" name="max_value_1_fu_78">
<pin_list>
<pin id="79" dir="0" index="0" bw="1" slack="0"/>
<pin id="80" dir="1" index="1" bw="32" slack="0"/>
</pin_list>
<bind>
<opcode="alloca(26) " fcode="alloca"/>
<opset="max_value_1/1 "/>
</bind>
</comp>

<comp id="82" class="1004" name="window_load_read_read_fu_82">
<pin_list>
<pin id="83" dir="0" index="0" bw="32" slack="0"/>
<pin id="84" dir="0" index="1" bw="32" slack="0"/>
<pin id="85" dir="1" index="2" bw="32" slack="0"/>
</pin_list>
<bind>
<opcode="read(1150) " fcode="read"/>
<opset="window_load_read/1 "/>
</bind>
</comp>

<comp id="88" class="1004" name="window_load_1_read_read_fu_88">
<pin_list>
<pin id="89" dir="0" index="0" bw="32" slack="0"/>
<pin id="90" dir="0" index="1" bw="32" slack="0"/>
<pin id="91" dir="1" index="2" bw="32" slack="0"/>
</pin_list>
<bind>
<opcode="read(1150) " fcode="read"/>
<opset="window_load_1_read/1 "/>
</bind>
</comp>

<comp id="94" class="1004" name="window_load_2_read_read_fu_94">
<pin_list>
<pin id="95" dir="0" index="0" bw="32" slack="0"/>
<pin id="96" dir="0" index="1" bw="32" slack="0"/>
<pin id="97" dir="1" index="2" bw="32" slack="0"/>
</pin_list>
<bind>
<opcode="read(1150) " fcode="read"/>
<opset="window_load_2_read/1 "/>
</bind>
</comp>

<comp id="100" class="1004" name="window_load_3_read_read_fu_100">
<pin_list>
<pin id="101" dir="0" index="0" bw="32" slack="0"/>
<pin id="102" dir="0" index="1" bw="32" slack="0"/>
<pin id="103" dir="1" index="2" bw="32" slack="0"/>
</pin_list>
<bind>
<opcode="read(1150) " fcode="read"/>
<opset="window_load_3_read/1 "/>
</bind>
</comp>

<comp id="106" class="1004" name="window_load_4_read_read_fu_106">
<pin_list>
<pin id="107" dir="0" index="0" bw="32" slack="0"/>
<pin id="108" dir="0" index="1" bw="32" slack="0"/>
<pin id="109" dir="1" index="2" bw="32" slack="0"/>
</pin_list>
<bind>
<opcode="read(1150) " fcode="read"/>
<opset="window_load_4_read/1 "/>
</bind>
</comp>

<comp id="112" class="1004" name="window_load_5_read_read_fu_112">
<pin_list>
<pin id="113" dir="0" index="0" bw="32" slack="0"/>
<pin id="114" dir="0" index="1" bw="32" slack="0"/>
<pin id="115" dir="1" index="2" bw="32" slack="0"/>
</pin_list>
<bind>
<opcode="read(1150) " fcode="read"/>
<opset="window_load_5_read/1 "/>
</bind>
</comp>

<comp id="118" class="1004" name="window_load_6_read_read_fu_118">
<pin_list>
<pin id="119" dir="0" index="0" bw="32" slack="0"/>
<pin id="120" dir="0" index="1" bw="32" slack="0"/>
<pin id="121" dir="1" index="2" bw="32" slack="0"/>
</pin_list>
<bind>
<opcode="read(1150) " fcode="read"/>
<opset="window_load_6_read/1 "/>
</bind>
</comp>

<comp id="124" class="1004" name="in_data_addr_gep_fu_124">
<pin_list>
<pin id="125" dir="0" index="0" bw="32" slack="0"/>
<pin id="126" dir="0" index="1" bw="1" slack="0"/>
<pin id="127" dir="0" index="2" bw="7" slack="0"/>
<pin id="128" dir="1" index="3" bw="6" slack="0"/>
</pin_list>
<bind>
<opcode="getelementptr(29) " fcode="getelementptr"/>
<opset="in_data_addr/1 "/>
</bind>
</comp>

<comp id="131" class="1004" name="grp_access_fu_131">
<pin_list>
<pin id="132" dir="0" index="0" bw="6" slack="0"/>
<pin id="133" dir="0" index="1" bw="32" slack="2147483647"/>
<pin id="134" dir="0" index="2" bw="0" slack="2147483647"/>
<pin id="135" dir="1" index="3" bw="32" slack="0"/>
</pin_list>
<bind>
<opcode="load(27) " fcode="load"/>
<opset="max_value/1 "/>
</bind>
</comp>

<comp id="137" class="1004" name="out_data_addr_gep_fu_137">
<pin_list>
<pin id="138" dir="0" index="0" bw="32" slack="0"/>
<pin id="139" dir="0" index="1" bw="1" slack="0"/>
<pin id="140" dir="0" index="2" bw="7" slack="4"/>
<pin id="141" dir="1" index="3" bw="6" slack="0"/>
</pin_list>
<bind>
<opcode="getelementptr(29) " fcode="getelementptr"/>
<opset="out_data_addr/5 "/>
</bind>
</comp>

<comp id="144" class="1004" name="store_ln42_access_fu_144">
<pin_list>
<pin id="145" dir="0" index="0" bw="6" slack="0"/>
<pin id="146" dir="0" index="1" bw="32" slack="0"/>
<pin id="147" dir="0" index="2" bw="0" slack="2147483647"/>
<pin id="148" dir="1" index="3" bw="32" slack="2147483647"/>
</pin_list>
<bind>
<opcode="store(28) " fcode="store"/>
<opset="store_ln42/5 "/>
</bind>
</comp>

<comp id="150" class="1004" name="store_ln33_store_fu_150">
<pin_list>
<pin id="151" dir="0" index="0" bw="32" slack="0"/>
<pin id="152" dir="0" index="1" bw="32" slack="0"/>
<pin id="153" dir="1" index="2" bw="0" slack="2147483647"/>
</pin_list>
<bind>
<opcode="store(28) " fcode="store"/>
<opset="store_ln33/1 "/>
</bind>
</comp>

<comp id="155" class="1004" name="store_ln33_store_fu_155">
<pin_list>
<pin id="156" dir="0" index="0" bw="32" slack="0"/>
<pin id="157" dir="0" index="1" bw="32" slack="0"/>
<pin id="158" dir="1" index="2" bw="0" slack="2147483647"/>
</pin_list>
<bind>
<opcode="store(28) " fcode="store"/>
<opset="store_ln33/1 "/>
</bind>
</comp>

<comp id="160" class="1004" name="store_ln33_store_fu_160">
<pin_list>
<pin id="161" dir="0" index="0" bw="32" slack="0"/>
<pin id="162" dir="0" index="1" bw="32" slack="0"/>
<pin id="163" dir="1" index="2" bw="0" slack="2147483647"/>
</pin_list>
<bind>
<opcode="store(28) " fcode="store"/>
<opset="store_ln33/1 "/>
</bind>
</comp>

<comp id="165" class="1004" name="store_ln33_store_fu_165">
<pin_list>
<pin id="166" dir="0" index="0" bw="32" slack="0"/>
<pin id="167" dir="0" index="1" bw="32" slack="0"/>
<pin id="168" dir="1" index="2" bw="0" slack="2147483647"/>
</pin_list>
<bind>
<opcode="store(28) " fcode="store"/>
<opset="store_ln33/1 "/>
</bind>
</comp>

<comp id="170" class="1004" name="store_ln33_store_fu_170">
<pin_list>
<pin id="171" dir="0" index="0" bw="32" slack="0"/>
<pin id="172" dir="0" index="1" bw="32" slack="0"/>
<pin id="173" dir="1" index="2" bw="0" slack="2147483647"/>
</pin_list>
<bind>
<opcode="store(28) " fcode="store"/>
<opset="store_ln33/1 "/>
</bind>
</comp>

<comp id="175" class="1004" name="store_ln33_store_fu_175">
<pin_list>
<pin id="176" dir="0" index="0" bw="32" slack="0"/>
<pin id="177" dir="0" index="1" bw="32" slack="0"/>
<pin id="178" dir="1" index="2" bw="0" slack="2147483647"/>
</pin_list>
<bind>
<opcode="store(28) " fcode="store"/>
<opset="store_ln33/1 "/>
</bind>
</comp>

<comp id="180" class="1004" name="store_ln17_store_fu_180">
<pin_list>
<pin id="181" dir="0" index="0" bw="1" slack="0"/>
<pin id="182" dir="0" index="1" bw="7" slack="0"/>
<pin id="183" dir="1" index="2" bw="0" slack="2147483647"/>
</pin_list>
<bind>
<opcode="store(28) " fcode="store"/>
<opset="store_ln17/1 "/>
</bind>
</comp>

<comp id="185" class="1004" name="store_ln33_store_fu_185">
<pin_list>
<pin id="186" dir="0" index="0" bw="32" slack="0"/>
<pin id="187" dir="0" index="1" bw="32" slack="0"/>
<pin id="188" dir="1" index="2" bw="0" slack="2147483647"/>
</pin_list>
<bind>
<opcode="store(28) " fcode="store"/>
<opset="store_ln33/1 "/>
</bind>
</comp>

<comp id="190" class="1004" name="n_1_load_fu_190">
<pin_list>
<pin id="191" dir="0" index="0" bw="7" slack="0"/>
<pin id="192" dir="1" index="1" bw="7" slack="0"/>
</pin_list>
<bind>
<opcode="load(27) " fcode="load"/>
<opset="n_1/1 "/>
</bind>
</comp>

<comp id="193" class="1004" name="icmp_ln17_fu_193">
<pin_list>
<pin id="194" dir="0" index="0" bw="7" slack="0"/>
<pin id="195" dir="0" index="1" bw="7" slack="0"/>
<pin id="196" dir="1" index="2" bw="1" slack="1"/>
</pin_list>
<bind>
<opcode="icmp(45) " fcode="icmp"/>
<opset="icmp_ln17/1 "/>
</bind>
</comp>

<comp id="199" class="1004" name="add_ln17_fu_199">
<pin_list>
<pin id="200" dir="0" index="0" bw="7" slack="0"/>
<pin id="201" dir="0" index="1" bw="1" slack="0"/>
<pin id="202" dir="1" index="2" bw="7" slack="0"/>
</pin_list>
<bind>
<opcode="add(8) " fcode="add"/>
<opset="add_ln17/1 "/>
</bind>
</comp>

<comp id="205" class="1004" name="zext_ln17_fu_205">
<pin_list>
<pin id="206" dir="0" index="0" bw="7" slack="0"/>
<pin id="207" dir="1" index="1" bw="64" slack="0"/>
</pin_list>
<bind>
<opcode="zext(34) " fcode="zext"/>
<opset="zext_ln17/1 "/>
</bind>
</comp>

<comp id="210" class="1004" name="store_ln17_store_fu_210">
<pin_list>
<pin id="211" dir="0" index="0" bw="7" slack="0"/>
<pin id="212" dir="0" index="1" bw="7" slack="0"/>
<pin id="213" dir="1" index="2" bw="0" slack="2147483647"/>
</pin_list>
<bind>
<opcode="store(28) " fcode="store"/>
<opset="store_ln17/1 "/>
</bind>
</comp>

<comp id="215" class="1004" name="max_value_19_load_fu_215">
<pin_list>
<pin id="216" dir="0" index="0" bw="32" slack="1"/>
<pin id="217" dir="1" index="1" bw="32" slack="1"/>
</pin_list>
<bind>
<opcode="load(27) " fcode="load"/>
<opset="max_value_19/2 "/>
</bind>
</comp>

<comp id="218" class="1004" name="max_value_17_load_fu_218">
<pin_list>
<pin id="219" dir="0" index="0" bw="32" slack="1"/>
<pin id="220" dir="1" index="1" bw="32" slack="0"/>
</pin_list>
<bind>
<opcode="load(27) " fcode="load"/>
<opset="max_value_17/2 "/>
</bind>
</comp>

<comp id="221" class="1004" name="max_value_15_load_fu_221">
<pin_list>
<pin id="222" dir="0" index="0" bw="32" slack="1"/>
<pin id="223" dir="1" index="1" bw="32" slack="0"/>
</pin_list>
<bind>
<opcode="load(27) " fcode="load"/>
<opset="max_value_15/2 "/>
</bind>
</comp>

<comp id="224" class="1004" name="icmp_ln37_fu_224">
<pin_list>
<pin id="225" dir="0" index="0" bw="32" slack="0"/>
<pin id="226" dir="0" index="1" bw="32" slack="0"/>
<pin id="227" dir="1" index="2" bw="1" slack="0"/>
</pin_list>
<bind>
<opcode="icmp(45) " fcode="icmp"/>
<opset="icmp_ln37/2 "/>
</bind>
</comp>

<comp id="230" class="1004" name="max_value_16_fu_230">
<pin_list>
<pin id="231" dir="0" index="0" bw="1" slack="0"/>
<pin id="232" dir="0" index="1" bw="32" slack="0"/>
<pin id="233" dir="0" index="2" bw="32" slack="0"/>
<pin id="234" dir="1" index="3" bw="32" slack="0"/>
</pin_list>
<bind>
<opcode="select(49) " fcode="select"/>
<opset="max_value_16/2 "/>
</bind>
</comp>

<comp id="238" class="1004" name="icmp_ln37_1_fu_238">
<pin_list>
<pin id="239" dir="0" index="0" bw="32" slack="0"/>
<pin id="240" dir="0" index="1" bw="32" slack="0"/>
<pin id="241" dir="1" index="2" bw="1" slack="0"/>
</pin_list>
<bind>
<opcode="icmp(45) " fcode="icmp"/>
<opset="icmp_ln37_1/2 "/>
</bind>
</comp>

<comp id="244" class="1004" name="max_value_18_fu_244">
<pin_list>
<pin id="245" dir="0" index="0" bw="1" slack="0"/>
<pin id="246" dir="0" index="1" bw="32" slack="0"/>
<pin id="247" dir="0" index="2" bw="32" slack="0"/>
<pin id="248" dir="1" index="3" bw="32" slack="1"/>
</pin_list>
<bind>
<opcode="select(49) " fcode="select"/>
<opset="max_value_18/2 "/>
</bind>
</comp>

<comp id="252" class="1004" name="store_ln33_store_fu_252">
<pin_list>
<pin id="253" dir="0" index="0" bw="32" slack="0"/>
<pin id="254" dir="0" index="1" bw="32" slack="1"/>
<pin id="255" dir="1" index="2" bw="0" slack="2147483647"/>
</pin_list>
<bind>
<opcode="store(28) " fcode="store"/>
<opset="store_ln33/2 "/>
</bind>
</comp>

<comp id="257" class="1004" name="store_ln33_store_fu_257">
<pin_list>
<pin id="258" dir="0" index="0" bw="32" slack="0"/>
<pin id="259" dir="0" index="1" bw="32" slack="1"/>
<pin id="260" dir="1" index="2" bw="0" slack="2147483647"/>
</pin_list>
<bind>
<opcode="store(28) " fcode="store"/>
<opset="store_ln33/2 "/>
</bind>
</comp>

<comp id="262" class="1004" name="store_ln33_store_fu_262">
<pin_list>
<pin id="263" dir="0" index="0" bw="32" slack="0"/>
<pin id="264" dir="0" index="1" bw="32" slack="1"/>
<pin id="265" dir="1" index="2" bw="0" slack="2147483647"/>
</pin_list>
<bind>
<opcode="store(28) " fcode="store"/>
<opset="store_ln33/2 "/>
</bind>
</comp>

<comp id="267" class="1004" name="max_value_23_load_fu_267">
<pin_list>
<pin id="268" dir="0" index="0" bw="32" slack="2"/>
<pin id="269" dir="1" index="1" bw="32" slack="1"/>
</pin_list>
<bind>
<opcode="load(27) " fcode="load"/>
<opset="max_value_23/3 "/>
</bind>
</comp>

<comp id="270" class="1004" name="max_value_21_load_fu_270">
<pin_list>
<pin id="271" dir="0" index="0" bw="32" slack="2"/>
<pin id="272" dir="1" index="1" bw="32" slack="0"/>
</pin_list>
<bind>
<opcode="load(27) " fcode="load"/>
<opset="max_value_21/3 "/>
</bind>
</comp>

<comp id="273" class="1004" name="icmp_ln37_2_fu_273">
<pin_list>
<pin id="274" dir="0" index="0" bw="32" slack="1"/>
<pin id="275" dir="0" index="1" bw="32" slack="1"/>
<pin id="276" dir="1" index="2" bw="1" slack="0"/>
</pin_list>
<bind>
<opcode="icmp(45) " fcode="icmp"/>
<opset="icmp_ln37_2/3 "/>
</bind>
</comp>

<comp id="277" class="1004" name="max_value_20_fu_277">
<pin_list>
<pin id="278" dir="0" index="0" bw="1" slack="0"/>
<pin id="279" dir="0" index="1" bw="32" slack="1"/>
<pin id="280" dir="0" index="2" bw="32" slack="1"/>
<pin id="281" dir="1" index="3" bw="32" slack="0"/>
</pin_list>
<bind>
<opcode="select(49) " fcode="select"/>
<opset="max_value_20/3 "/>
</bind>
</comp>

<comp id="283" class="1004" name="icmp_ln37_3_fu_283">
<pin_list>
<pin id="284" dir="0" index="0" bw="32" slack="0"/>
<pin id="285" dir="0" index="1" bw="32" slack="0"/>
<pin id="286" dir="1" index="2" bw="1" slack="0"/>
</pin_list>
<bind>
<opcode="icmp(45) " fcode="icmp"/>
<opset="icmp_ln37_3/3 "/>
</bind>
</comp>

<comp id="289" class="1004" name="max_value_22_fu_289">
<pin_list>
<pin id="290" dir="0" index="0" bw="1" slack="0"/>
<pin id="291" dir="0" index="1" bw="32" slack="0"/>
<pin id="292" dir="0" index="2" bw="32" slack="0"/>
<pin id="293" dir="1" index="3" bw="32" slack="1"/>
</pin_list>
<bind>
<opcode="select(49) " fcode="select"/>
<opset="max_value_22/3 "/>
</bind>
</comp>

<comp id="297" class="1004" name="store_ln33_store_fu_297">
<pin_list>
<pin id="298" dir="0" index="0" bw="32" slack="1"/>
<pin id="299" dir="0" index="1" bw="32" slack="2"/>
<pin id="300" dir="1" index="2" bw="0" slack="2147483647"/>
</pin_list>
<bind>
<opcode="store(28) " fcode="store"/>
<opset="store_ln33/3 "/>
</bind>
</comp>

<comp id="301" class="1004" name="store_ln33_store_fu_301">
<pin_list>
<pin id="302" dir="0" index="0" bw="32" slack="0"/>
<pin id="303" dir="0" index="1" bw="32" slack="2"/>
<pin id="304" dir="1" index="2" bw="0" slack="2147483647"/>
</pin_list>
<bind>
<opcode="store(28) " fcode="store"/>
<opset="store_ln33/3 "/>
</bind>
</comp>

<comp id="306" class="1004" name="max_value_25_load_fu_306">
<pin_list>
<pin id="307" dir="0" index="0" bw="32" slack="3"/>
<pin id="308" dir="1" index="1" bw="32" slack="0"/>
</pin_list>
<bind>
<opcode="load(27) " fcode="load"/>
<opset="max_value_25/4 "/>
</bind>
</comp>

<comp id="309" class="1004" name="icmp_ln37_4_fu_309">
<pin_list>
<pin id="310" dir="0" index="0" bw="32" slack="1"/>
<pin id="311" dir="0" index="1" bw="32" slack="1"/>
<pin id="312" dir="1" index="2" bw="1" slack="0"/>
</pin_list>
<bind>
<opcode="icmp(45) " fcode="icmp"/>
<opset="icmp_ln37_4/4 "/>
</bind>
</comp>

<comp id="313" class="1004" name="max_value_24_fu_313">
<pin_list>
<pin id="314" dir="0" index="0" bw="1" slack="0"/>
<pin id="315" dir="0" index="1" bw="32" slack="1"/>
<pin id="316" dir="0" index="2" bw="32" slack="1"/>
<pin id="317" dir="1" index="3" bw="32" slack="0"/>
</pin_list>
<bind>
<opcode="select(49) " fcode="select"/>
<opset="max_value_24/4 "/>
</bind>
</comp>

<comp id="319" class="1004" name="icmp_ln37_5_fu_319">
<pin_list>
<pin id="320" dir="0" index="0" bw="32" slack="0"/>
<pin id="321" dir="0" index="1" bw="32" slack="0"/>
<pin id="322" dir="1" index="2" bw="1" slack="0"/>
</pin_list>
<bind>
<opcode="icmp(45) " fcode="icmp"/>
<opset="icmp_ln37_5/4 "/>
</bind>
</comp>

<comp id="325" class="1004" name="max_value_26_fu_325">
<pin_list>
<pin id="326" dir="0" index="0" bw="1" slack="0"/>
<pin id="327" dir="0" index="1" bw="32" slack="0"/>
<pin id="328" dir="0" index="2" bw="32" slack="0"/>
<pin id="329" dir="1" index="3" bw="32" slack="1"/>
</pin_list>
<bind>
<opcode="select(49) " fcode="select"/>
<opset="max_value_26/4 "/>
</bind>
</comp>

<comp id="333" class="1004" name="store_ln33_store_fu_333">
<pin_list>
<pin id="334" dir="0" index="0" bw="32" slack="1"/>
<pin id="335" dir="0" index="1" bw="32" slack="3"/>
<pin id="336" dir="1" index="2" bw="0" slack="2147483647"/>
</pin_list>
<bind>
<opcode="store(28) " fcode="store"/>
<opset="store_ln33/4 "/>
</bind>
</comp>

<comp id="337" class="1004" name="max_value_13_load_load_fu_337">
<pin_list>
<pin id="338" dir="0" index="0" bw="32" slack="4"/>
<pin id="339" dir="1" index="1" bw="32" slack="0"/>
</pin_list>
<bind>
<opcode="load(27) " fcode="load"/>
<opset="max_value_13_load/5 "/>
</bind>
</comp>

<comp id="340" class="1004" name="icmp_ln37_6_fu_340">
<pin_list>
<pin id="341" dir="0" index="0" bw="32" slack="0"/>
<pin id="342" dir="0" index="1" bw="32" slack="1"/>
<pin id="343" dir="1" index="2" bw="1" slack="0"/>
</pin_list>
<bind>
<opcode="icmp(45) " fcode="icmp"/>
<opset="icmp_ln37_6/5 "/>
</bind>
</comp>

<comp id="345" class="1004" name="max_value_27_fu_345">
<pin_list>
<pin id="346" dir="0" index="0" bw="1" slack="0"/>
<pin id="347" dir="0" index="1" bw="32" slack="0"/>
<pin id="348" dir="0" index="2" bw="32" slack="1"/>
<pin id="349" dir="1" index="3" bw="32" slack="0"/>
</pin_list>
<bind>
<opcode="select(49) " fcode="select"/>
<opset="max_value_27/5 "/>
</bind>
</comp>

<comp id="353" class="1004" name="store_ln33_store_fu_353">
<pin_list>
<pin id="354" dir="0" index="0" bw="32" slack="1"/>
<pin id="355" dir="0" index="1" bw="32" slack="4"/>
<pin id="356" dir="1" index="2" bw="0" slack="2147483647"/>
</pin_list>
<bind>
<opcode="store(28) " fcode="store"/>
<opset="store_ln33/5 "/>
</bind>
</comp>

<comp id="357" class="1005" name="max_value_13_reg_357">
<pin_list>
<pin id="358" dir="0" index="0" bw="32" slack="0"/>
<pin id="359" dir="1" index="1" bw="32" slack="0"/>
</pin_list>
<bind>
<opset="max_value_13 "/>
</bind>
</comp>

<comp id="364" class="1005" name="n_reg_364">
<pin_list>
<pin id="365" dir="0" index="0" bw="7" slack="0"/>
<pin id="366" dir="1" index="1" bw="7" slack="0"/>
</pin_list>
<bind>
<opset="n "/>
</bind>
</comp>

<comp id="371" class="1005" name="max_value_11_reg_371">
<pin_list>
<pin id="372" dir="0" index="0" bw="32" slack="0"/>
<pin id="373" dir="1" index="1" bw="32" slack="0"/>
</pin_list>
<bind>
<opset="max_value_11 "/>
</bind>
</comp>

<comp id="378" class="1005" name="max_value_9_reg_378">
<pin_list>
<pin id="379" dir="0" index="0" bw="32" slack="0"/>
<pin id="380" dir="1" index="1" bw="32" slack="0"/>
</pin_list>
<bind>
<opset="max_value_9 "/>
</bind>
</comp>

<comp id="385" class="1005" name="max_value_7_reg_385">
<pin_list>
<pin id="386" dir="0" index="0" bw="32" slack="0"/>
<pin id="387" dir="1" index="1" bw="32" slack="0"/>
</pin_list>
<bind>
<opset="max_value_7 "/>
</bind>
</comp>

<comp id="392" class="1005" name="max_value_5_reg_392">
<pin_list>
<pin id="393" dir="0" index="0" bw="32" slack="0"/>
<pin id="394" dir="1" index="1" bw="32" slack="0"/>
</pin_list>
<bind>
<opset="max_value_5 "/>
</bind>
</comp>

<comp id="399" class="1005" name="max_value_3_reg_399">
<pin_list>
<pin id="400" dir="0" index="0" bw="32" slack="0"/>
<pin id="401" dir="1" index="1" bw="32" slack="0"/>
</pin_list>
<bind>
<opset="max_value_3 "/>
</bind>
</comp>

<comp id="406" class="1005" name="max_value_1_reg_406">
<pin_list>
<pin id="407" dir="0" index="0" bw="32" slack="0"/>
<pin id="408" dir="1" index="1" bw="32" slack="0"/>
</pin_list>
<bind>
<opset="max_value_1 "/>
</bind>
</comp>

<comp id="413" class="1005" name="icmp_ln17_reg_413">
<pin_list>
<pin id="414" dir="0" index="0" bw="1" slack="1"/>
<pin id="415" dir="1" index="1" bw="1" slack="2147483647"/>
</pin_list>
<bind>
<opset="icmp_ln17 "/>
</bind>
</comp>

<comp id="417" class="1005" name="zext_ln17_reg_417">
<pin_list>
<pin id="418" dir="0" index="0" bw="64" slack="4"/>
<pin id="419" dir="1" index="1" bw="64" slack="4"/>
</pin_list>
<bind>
<opset="zext_ln17 "/>
</bind>
</comp>

<comp id="422" class="1005" name="in_data_addr_reg_422">
<pin_list>
<pin id="423" dir="0" index="0" bw="6" slack="1"/>
<pin id="424" dir="1" index="1" bw="6" slack="1"/>
</pin_list>
<bind>
<opset="in_data_addr "/>
</bind>
</comp>

<comp id="427" class="1005" name="max_value_19_reg_427">
<pin_list>
<pin id="428" dir="0" index="0" bw="32" slack="1"/>
<pin id="429" dir="1" index="1" bw="32" slack="1"/>
</pin_list>
<bind>
<opset="max_value_19 "/>
</bind>
</comp>

<comp id="434" class="1005" name="max_value_18_reg_434">
<pin_list>
<pin id="435" dir="0" index="0" bw="32" slack="1"/>
<pin id="436" dir="1" index="1" bw="32" slack="1"/>
</pin_list>
<bind>
<opset="max_value_18 "/>
</bind>
</comp>

<comp id="440" class="1005" name="max_value_23_reg_440">
<pin_list>
<pin id="441" dir="0" index="0" bw="32" slack="1"/>
<pin id="442" dir="1" index="1" bw="32" slack="1"/>
</pin_list>
<bind>
<opset="max_value_23 "/>
</bind>
</comp>

<comp id="447" class="1005" name="max_value_22_reg_447">
<pin_list>
<pin id="448" dir="0" index="0" bw="32" slack="1"/>
<pin id="449" dir="1" index="1" bw="32" slack="1"/>
</pin_list>
<bind>
<opset="max_value_22 "/>
</bind>
</comp>

<comp id="453" class="1005" name="max_value_25_reg_453">
<pin_list>
<pin id="454" dir="0" index="0" bw="32" slack="1"/>
<pin id="455" dir="1" index="1" bw="32" slack="1"/>
</pin_list>
<bind>
<opset="max_value_25 "/>
</bind>
</comp>

<comp id="458" class="1005" name="max_value_26_reg_458">
<pin_list>
<pin id="459" dir="0" index="0" bw="32" slack="1"/>
<pin id="460" dir="1" index="1" bw="32" slack="1"/>
</pin_list>
<bind>
<opset="max_value_26 "/>
</bind>
</comp>

</comp_list>

<net_list>
<net id="53"><net_src comp="18" pin="0"/><net_sink comp="50" pin=0"/></net>

<net id="57"><net_src comp="18" pin="0"/><net_sink comp="54" pin=0"/></net>

<net id="61"><net_src comp="18" pin="0"/><net_sink comp="58" pin=0"/></net>

<net id="65"><net_src comp="18" pin="0"/><net_sink comp="62" pin=0"/></net>

<net id="69"><net_src comp="18" pin="0"/><net_sink comp="66" pin=0"/></net>

<net id="73"><net_src comp="18" pin="0"/><net_sink comp="70" pin=0"/></net>

<net id="77"><net_src comp="18" pin="0"/><net_sink comp="74" pin=0"/></net>

<net id="81"><net_src comp="18" pin="0"/><net_sink comp="78" pin=0"/></net>

<net id="86"><net_src comp="30" pin="0"/><net_sink comp="82" pin=0"/></net>

<net id="87"><net_src comp="12" pin="0"/><net_sink comp="82" pin=1"/></net>

<net id="92"><net_src comp="30" pin="0"/><net_sink comp="88" pin=0"/></net>

<net id="93"><net_src comp="10" pin="0"/><net_sink comp="88" pin=1"/></net>

<net id="98"><net_src comp="30" pin="0"/><net_sink comp="94" pin=0"/></net>

<net id="99"><net_src comp="8" pin="0"/><net_sink comp="94" pin=1"/></net>

<net id="104"><net_src comp="30" pin="0"/><net_sink comp="100" pin=0"/></net>

<net id="105"><net_src comp="6" pin="0"/><net_sink comp="100" pin=1"/></net>

<net id="110"><net_src comp="30" pin="0"/><net_sink comp="106" pin=0"/></net>

<net id="111"><net_src comp="4" pin="0"/><net_sink comp="106" pin=1"/></net>

<net id="116"><net_src comp="30" pin="0"/><net_sink comp="112" pin=0"/></net>

<net id="117"><net_src comp="2" pin="0"/><net_sink comp="112" pin=1"/></net>

<net id="122"><net_src comp="30" pin="0"/><net_sink comp="118" pin=0"/></net>

<net id="123"><net_src comp="0" pin="0"/><net_sink comp="118" pin=1"/></net>

<net id="129"><net_src comp="14" pin="0"/><net_sink comp="124" pin=0"/></net>

<net id="130"><net_src comp="38" pin="0"/><net_sink comp="124" pin=1"/></net>

<net id="136"><net_src comp="124" pin="3"/><net_sink comp="131" pin=0"/></net>

<net id="142"><net_src comp="16" pin="0"/><net_sink comp="137" pin=0"/></net>

<net id="143"><net_src comp="38" pin="0"/><net_sink comp="137" pin=1"/></net>

<net id="149"><net_src comp="137" pin="3"/><net_sink comp="144" pin=0"/></net>

<net id="154"><net_src comp="118" pin="2"/><net_sink comp="150" pin=0"/></net>

<net id="159"><net_src comp="112" pin="2"/><net_sink comp="155" pin=0"/></net>

<net id="164"><net_src comp="106" pin="2"/><net_sink comp="160" pin=0"/></net>

<net id="169"><net_src comp="100" pin="2"/><net_sink comp="165" pin=0"/></net>

<net id="174"><net_src comp="94" pin="2"/><net_sink comp="170" pin=0"/></net>

<net id="179"><net_src comp="88" pin="2"/><net_sink comp="175" pin=0"/></net>

<net id="184"><net_src comp="32" pin="0"/><net_sink comp="180" pin=0"/></net>

<net id="189"><net_src comp="82" pin="2"/><net_sink comp="185" pin=0"/></net>

<net id="197"><net_src comp="190" pin="1"/><net_sink comp="193" pin=0"/></net>

<net id="198"><net_src comp="34" pin="0"/><net_sink comp="193" pin=1"/></net>

<net id="203"><net_src comp="190" pin="1"/><net_sink comp="199" pin=0"/></net>

<net id="204"><net_src comp="36" pin="0"/><net_sink comp="199" pin=1"/></net>

<net id="208"><net_src comp="190" pin="1"/><net_sink comp="205" pin=0"/></net>

<net id="209"><net_src comp="205" pin="1"/><net_sink comp="124" pin=2"/></net>

<net id="214"><net_src comp="199" pin="2"/><net_sink comp="210" pin=0"/></net>

<net id="228"><net_src comp="221" pin="1"/><net_sink comp="224" pin=0"/></net>

<net id="229"><net_src comp="131" pin="3"/><net_sink comp="224" pin=1"/></net>

<net id="235"><net_src comp="224" pin="2"/><net_sink comp="230" pin=0"/></net>

<net id="236"><net_src comp="221" pin="1"/><net_sink comp="230" pin=1"/></net>

<net id="237"><net_src comp="131" pin="3"/><net_sink comp="230" pin=2"/></net>

<net id="242"><net_src comp="218" pin="1"/><net_sink comp="238" pin=0"/></net>

<net id="243"><net_src comp="230" pin="3"/><net_sink comp="238" pin=1"/></net>

<net id="249"><net_src comp="238" pin="2"/><net_sink comp="244" pin=0"/></net>

<net id="250"><net_src comp="218" pin="1"/><net_sink comp="244" pin=1"/></net>

<net id="251"><net_src comp="230" pin="3"/><net_sink comp="244" pin=2"/></net>

<net id="256"><net_src comp="131" pin="3"/><net_sink comp="252" pin=0"/></net>

<net id="261"><net_src comp="221" pin="1"/><net_sink comp="257" pin=0"/></net>

<net id="266"><net_src comp="218" pin="1"/><net_sink comp="262" pin=0"/></net>

<net id="282"><net_src comp="273" pin="2"/><net_sink comp="277" pin=0"/></net>

<net id="287"><net_src comp="270" pin="1"/><net_sink comp="283" pin=0"/></net>

<net id="288"><net_src comp="277" pin="3"/><net_sink comp="283" pin=1"/></net>

<net id="294"><net_src comp="283" pin="2"/><net_sink comp="289" pin=0"/></net>

<net id="295"><net_src comp="270" pin="1"/><net_sink comp="289" pin=1"/></net>

<net id="296"><net_src comp="277" pin="3"/><net_sink comp="289" pin=2"/></net>

<net id="305"><net_src comp="270" pin="1"/><net_sink comp="301" pin=0"/></net>

<net id="318"><net_src comp="309" pin="2"/><net_sink comp="313" pin=0"/></net>

<net id="323"><net_src comp="306" pin="1"/><net_sink comp="319" pin=0"/></net>

<net id="324"><net_src comp="313" pin="3"/><net_sink comp="319" pin=1"/></net>

<net id="330"><net_src comp="319" pin="2"/><net_sink comp="325" pin=0"/></net>

<net id="331"><net_src comp="306" pin="1"/><net_sink comp="325" pin=1"/></net>

<net id="332"><net_src comp="313" pin="3"/><net_sink comp="325" pin=2"/></net>

<net id="344"><net_src comp="337" pin="1"/><net_sink comp="340" pin=0"/></net>

<net id="350"><net_src comp="340" pin="2"/><net_sink comp="345" pin=0"/></net>

<net id="351"><net_src comp="337" pin="1"/><net_sink comp="345" pin=1"/></net>

<net id="352"><net_src comp="345" pin="3"/><net_sink comp="144" pin=1"/></net>

<net id="360"><net_src comp="50" pin="1"/><net_sink comp="357" pin=0"/></net>

<net id="361"><net_src comp="357" pin="1"/><net_sink comp="185" pin=1"/></net>

<net id="362"><net_src comp="357" pin="1"/><net_sink comp="337" pin=0"/></net>

<net id="363"><net_src comp="357" pin="1"/><net_sink comp="353" pin=1"/></net>

<net id="367"><net_src comp="54" pin="1"/><net_sink comp="364" pin=0"/></net>

<net id="368"><net_src comp="364" pin="1"/><net_sink comp="180" pin=1"/></net>

<net id="369"><net_src comp="364" pin="1"/><net_sink comp="190" pin=0"/></net>

<net id="370"><net_src comp="364" pin="1"/><net_sink comp="210" pin=1"/></net>

<net id="374"><net_src comp="58" pin="1"/><net_sink comp="371" pin=0"/></net>

<net id="375"><net_src comp="371" pin="1"/><net_sink comp="175" pin=1"/></net>

<net id="376"><net_src comp="371" pin="1"/><net_sink comp="306" pin=0"/></net>

<net id="377"><net_src comp="371" pin="1"/><net_sink comp="333" pin=1"/></net>

<net id="381"><net_src comp="62" pin="1"/><net_sink comp="378" pin=0"/></net>

<net id="382"><net_src comp="378" pin="1"/><net_sink comp="170" pin=1"/></net>

<net id="383"><net_src comp="378" pin="1"/><net_sink comp="267" pin=0"/></net>

<net id="384"><net_src comp="378" pin="1"/><net_sink comp="301" pin=1"/></net>

<net id="388"><net_src comp="66" pin="1"/><net_sink comp="385" pin=0"/></net>

<net id="389"><net_src comp="385" pin="1"/><net_sink comp="165" pin=1"/></net>

<net id="390"><net_src comp="385" pin="1"/><net_sink comp="270" pin=0"/></net>

<net id="391"><net_src comp="385" pin="1"/><net_sink comp="297" pin=1"/></net>

<net id="395"><net_src comp="70" pin="1"/><net_sink comp="392" pin=0"/></net>

<net id="396"><net_src comp="392" pin="1"/><net_sink comp="160" pin=1"/></net>

<net id="397"><net_src comp="392" pin="1"/><net_sink comp="215" pin=0"/></net>

<net id="398"><net_src comp="392" pin="1"/><net_sink comp="262" pin=1"/></net>

<net id="402"><net_src comp="74" pin="1"/><net_sink comp="399" pin=0"/></net>

<net id="403"><net_src comp="399" pin="1"/><net_sink comp="155" pin=1"/></net>

<net id="404"><net_src comp="399" pin="1"/><net_sink comp="218" pin=0"/></net>

<net id="405"><net_src comp="399" pin="1"/><net_sink comp="257" pin=1"/></net>

<net id="409"><net_src comp="78" pin="1"/><net_sink comp="406" pin=0"/></net>

<net id="410"><net_src comp="406" pin="1"/><net_sink comp="150" pin=1"/></net>

<net id="411"><net_src comp="406" pin="1"/><net_sink comp="221" pin=0"/></net>

<net id="412"><net_src comp="406" pin="1"/><net_sink comp="252" pin=1"/></net>

<net id="416"><net_src comp="193" pin="2"/><net_sink comp="413" pin=0"/></net>

<net id="420"><net_src comp="205" pin="1"/><net_sink comp="417" pin=0"/></net>

<net id="421"><net_src comp="417" pin="1"/><net_sink comp="137" pin=2"/></net>

<net id="425"><net_src comp="124" pin="3"/><net_sink comp="422" pin=0"/></net>

<net id="426"><net_src comp="422" pin="1"/><net_sink comp="131" pin=0"/></net>

<net id="430"><net_src comp="215" pin="1"/><net_sink comp="427" pin=0"/></net>

<net id="431"><net_src comp="427" pin="1"/><net_sink comp="273" pin=0"/></net>

<net id="432"><net_src comp="427" pin="1"/><net_sink comp="277" pin=1"/></net>

<net id="433"><net_src comp="427" pin="1"/><net_sink comp="297" pin=0"/></net>

<net id="437"><net_src comp="244" pin="3"/><net_sink comp="434" pin=0"/></net>

<net id="438"><net_src comp="434" pin="1"/><net_sink comp="273" pin=1"/></net>

<net id="439"><net_src comp="434" pin="1"/><net_sink comp="277" pin=2"/></net>

<net id="443"><net_src comp="267" pin="1"/><net_sink comp="440" pin=0"/></net>

<net id="444"><net_src comp="440" pin="1"/><net_sink comp="309" pin=0"/></net>

<net id="445"><net_src comp="440" pin="1"/><net_sink comp="313" pin=1"/></net>

<net id="446"><net_src comp="440" pin="1"/><net_sink comp="333" pin=0"/></net>

<net id="450"><net_src comp="289" pin="3"/><net_sink comp="447" pin=0"/></net>

<net id="451"><net_src comp="447" pin="1"/><net_sink comp="309" pin=1"/></net>

<net id="452"><net_src comp="447" pin="1"/><net_sink comp="313" pin=2"/></net>

<net id="456"><net_src comp="306" pin="1"/><net_sink comp="453" pin=0"/></net>

<net id="457"><net_src comp="453" pin="1"/><net_sink comp="353" pin=0"/></net>

<net id="461"><net_src comp="325" pin="3"/><net_sink comp="458" pin=0"/></net>

<net id="462"><net_src comp="458" pin="1"/><net_sink comp="340" pin=1"/></net>

<net id="463"><net_src comp="458" pin="1"/><net_sink comp="345" pin=2"/></net>

</net_list>

</model> 
---------------- Datapath Model END ------------------

* FSMD analyzer results:
  - Output states:
	Port: out_data | {5 }
 - Input state : 
	Port: moving_max_Pipeline_MAIN_LOOP : window_load_6 | {1 }
	Port: moving_max_Pipeline_MAIN_LOOP : window_load_5 | {1 }
	Port: moving_max_Pipeline_MAIN_LOOP : window_load_4 | {1 }
	Port: moving_max_Pipeline_MAIN_LOOP : window_load_3 | {1 }
	Port: moving_max_Pipeline_MAIN_LOOP : window_load_2 | {1 }
	Port: moving_max_Pipeline_MAIN_LOOP : window_load_1 | {1 }
	Port: moving_max_Pipeline_MAIN_LOOP : window_load | {1 }
	Port: moving_max_Pipeline_MAIN_LOOP : in_data | {1 2 }
  - Chain level:
	State 1
		store_ln17 : 1
		n_1 : 1
		icmp_ln17 : 2
		add_ln17 : 2
		br_ln17 : 3
		zext_ln17 : 2
		in_data_addr : 3
		max_value : 4
		store_ln17 : 3
	State 2
		icmp_ln37 : 1
		max_value_16 : 2
		icmp_ln37_1 : 3
		max_value_18 : 4
		store_ln33 : 1
		store_ln33 : 1
		store_ln33 : 1
	State 3
		max_value_20 : 1
		icmp_ln37_3 : 2
		max_value_22 : 3
		store_ln33 : 1
	State 4
		max_value_24 : 1
		icmp_ln37_5 : 2
		max_value_26 : 3
	State 5
		icmp_ln37_6 : 1
		max_value_27 : 2
		store_ln42 : 3


============================================================
+ Verbose Summary: Datapath Resource usage 
============================================================

* Functional unit list:
|----------|--------------------------------|---------|---------|
| Operation|         Functional Unit        |    FF   |   LUT   |
|----------|--------------------------------|---------|---------|
|          |        icmp_ln17_fu_193        |    0    |    14   |
|          |        icmp_ln37_fu_224        |    0    |    39   |
|          |       icmp_ln37_1_fu_238       |    0    |    39   |
|   icmp   |       icmp_ln37_2_fu_273       |    0    |    39   |
|          |       icmp_ln37_3_fu_283       |    0    |    39   |
|          |       icmp_ln37_4_fu_309       |    0    |    39   |
|          |       icmp_ln37_5_fu_319       |    0    |    39   |
|          |       icmp_ln37_6_fu_340       |    0    |    39   |
|----------|--------------------------------|---------|---------|
|          |       max_value_16_fu_230      |    0    |    32   |
|          |       max_value_18_fu_244      |    0    |    32   |
|          |       max_value_20_fu_277      |    0    |    32   |
|  select  |       max_value_22_fu_289      |    0    |    32   |
|          |       max_value_24_fu_313      |    0    |    32   |
|          |       max_value_26_fu_325      |    0    |    32   |
|          |       max_value_27_fu_345      |    0    |    32   |
|----------|--------------------------------|---------|---------|
|    add   |         add_ln17_fu_199        |    0    |    14   |
|----------|--------------------------------|---------|---------|
|          |   window_load_read_read_fu_82  |    0    |    0    |
|          |  window_load_1_read_read_fu_88 |    0    |    0    |
|          |  window_load_2_read_read_fu_94 |    0    |    0    |
|   read   | window_load_3_read_read_fu_100 |    0    |    0    |
|          | window_load_4_read_read_fu_106 |    0    |    0    |
|          | window_load_5_read_read_fu_112 |    0    |    0    |
|          | window_load_6_read_read_fu_118 |    0    |    0    |
|----------|--------------------------------|---------|---------|
|   zext   |        zext_ln17_fu_205        |    0    |    0    |
|----------|--------------------------------|---------|---------|
|   Total  |                                |    0    |   525   |
|----------|--------------------------------|---------|---------|

Memories:
N/A

* Register list:
+--------------------+--------+
|                    |   FF   |
+--------------------+--------+
|  icmp_ln17_reg_413 |    1   |
|in_data_addr_reg_422|    6   |
|max_value_11_reg_371|   32   |
|max_value_13_reg_357|   32   |
|max_value_18_reg_434|   32   |
|max_value_19_reg_427|   32   |
| max_value_1_reg_406|   32   |
|max_value_22_reg_447|   32   |
|max_value_23_reg_440|   32   |
|max_value_25_reg_453|   32   |
|max_value_26_reg_458|   32   |
| max_value_3_reg_399|   32   |
| max_value_5_reg_392|   32   |
| max_value_7_reg_385|   32   |
| max_value_9_reg_378|   32   |
|      n_reg_364     |    7   |
|  zext_ln17_reg_417 |   64   |
+--------------------+--------+
|        Total       |   494  |
+--------------------+--------+

* Multiplexer (MUX) list: 
|-------------------|------|------|------|--------||---------||---------||---------|
|        Comp       |  Pin | Size |  BW  | S x BW ||  Delay  ||    FF   ||   LUT   |
|-------------------|------|------|------|--------||---------||---------||---------|
| grp_access_fu_131 |  p0  |   2  |   6  |   12   ||    0    ||    9    |
|-------------------|------|------|------|--------||---------||---------||---------|
|       Total       |      |      |      |   12   ||  1.588  ||    0    ||    9    |
|-------------------|------|------|------|--------||---------||---------||---------|



* Summary:
+-----------+--------+--------+--------+
|           |  Delay |   FF   |   LUT  |
+-----------+--------+--------+--------+
|  Function |    -   |    0   |   525  |
|   Memory  |    -   |    -   |    -   |
|Multiplexer|    1   |    0   |    9   |
|  Register |    -   |   494  |    -   |
+-----------+--------+--------+--------+
|   Total   |    1   |   494  |   534  |
+-----------+--------+--------+--------+
