

================================================================
== Vitis HLS Report for 'moving_max'
================================================================
* Date:           Sat Oct 10 13:03:38 2026

* Version:        2026.1 (Build 6493734 on Jun 16 2026)
* Project:        moving_max
* Solution:       hls
* Product family: zynq
* Target device:  xc7z020-clg400-1


================================================================
== Performance Estimates
================================================================
+ Timing: 
    * Summary: 
    +--------+----------+----------+------------+
    |  Clock |  Target  | Estimated| Uncertainty|
    +--------+----------+----------+------------+
    |ap_clk  |  10.00 ns|  6.500 ns|     2.70 ns|
    +--------+----------+----------+------------+

+ Latency: 
    * Summary: 
    +---------+---------+----------+----------+-----+-----+---------+
    |  Latency (cycles) |  Latency (absolute) |  Interval | Pipeline|
    |   min   |   max   |    min   |    max   | min | max |   Type  |
    +---------+---------+----------+----------+-----+-----+---------+
    |       79|       79|  0.790 us|  0.790 us|   80|   80|       no|
    +---------+---------+----------+----------+-----+-----+---------+

    + Detail: 
        * Instance: 
        +-----------------------------------------+-------------------------------+---------+---------+----------+----------+-----+-----+-------------------+
        |                                         |                               |  Latency (cycles) |  Latency (absolute) |  Interval |      Pipeline     |
        |                 Instance                |             Module            |   min   |   max   |    min   |    max   | min | max |        Type       |
        +-----------------------------------------+-------------------------------+---------+---------+----------+----------+-----+-----+-------------------+
        |grp_moving_max_Pipeline_MAIN_LOOP_fu_44  |moving_max_Pipeline_MAIN_LOOP  |       69|       69|  0.690 us|  0.690 us|    0|    0|  loop pipeline stp|
        +-----------------------------------------+-------------------------------+---------+---------+----------+----------+-----+-----+-------------------+

        * Loop: 
        +-------------+---------+---------+----------+-----------+-----------+------+----------+
        |             |  Latency (cycles) | Iteration|  Initiation Interval  | Trip |          |
        |  Loop Name  |   min   |   max   |  Latency |  achieved |   target  | Count| Pipelined|
        +-------------+---------+---------+----------+-----------+-----------+------+----------+
        |- INIT_LOOP  |        8|        8|         1|          -|          -|     8|        no|
        +-------------+---------+---------+----------+-----------+-----------+------+----------+



================================================================
== Utilization Estimates
================================================================
* Summary: 
+-----------------+---------+-----+--------+-------+-----+
|       Name      | BRAM_18K| DSP |   FF   |  LUT  | URAM|
+-----------------+---------+-----+--------+-------+-----+
|DSP              |        -|    -|       -|      -|    -|
|Expression       |        -|    -|       0|     26|    -|
|FIFO             |        -|    -|       -|      -|    -|
|Instance         |        -|    -|     568|    691|    -|
|Memory           |        -|    -|       -|      -|    -|
|Multiplexer      |        -|    -|       0|     29|    -|
|Register         |        -|    -|       8|      -|    -|
+-----------------+---------+-----+--------+-------+-----+
|Total            |        0|    0|     576|    746|    0|
+-----------------+---------+-----+--------+-------+-----+
|Available        |      280|  220|  106400|  53200|    0|
+-----------------+---------+-----+--------+-------+-----+
|Utilization (%)  |        0|    0|      ~0|      1|    0|
+-----------------+---------+-----+--------+-------+-----+

+ Detail: 
    * Instance: 
    +-----------------------------------------+-------------------------------+---------+----+-----+-----+-----+
    |                 Instance                |             Module            | BRAM_18K| DSP|  FF | LUT | URAM|
    +-----------------------------------------+-------------------------------+---------+----+-----+-----+-----+
    |grp_moving_max_Pipeline_MAIN_LOOP_fu_44  |moving_max_Pipeline_MAIN_LOOP  |        0|   0|  568|  691|    0|
    +-----------------------------------------+-------------------------------+---------+----+-----+-----+-----+
    |Total                                    |                               |        0|   0|  568|  691|    0|
    +-----------------------------------------+-------------------------------+---------+----+-----+-----+-----+

    * DSP: 
    N/A

    * Memory: 
    N/A

    * FIFO: 
    N/A

    * Expression: 
    +--------------------+----------+----+---+----+------------+------------+
    |    Variable Name   | Operation| DSP| FF| LUT| Bitwidth P0| Bitwidth P1|
    +--------------------+----------+----+---+----+------------+------------+
    |add_ln10_fu_80_p2   |         +|   0|  0|  13|           4|           1|
    |icmp_ln10_fu_74_p2  |      icmp|   0|  0|  13|           4|           5|
    +--------------------+----------+----+---+----+------------+------------+
    |Total               |          |   0|  0|  26|           8|           6|
    +--------------------+----------+----+---+----+------------+------------+

    * Multiplexer: 
    +-----------+----+-----------+-----+-----------+
    |    Name   | LUT| Input Size| Bits| Total Bits|
    +-----------+----+-----------+-----+-----------+
    |ap_NS_fsm  |  20|          4|    1|          4|
    |k_fu_40    |   9|          2|    4|          8|
    +-----------+----+-----------+-----+-----------+
    |Total      |  29|          6|    5|         12|
    +-----------+----+-----------+-----+-----------+

    * Register: 
    +------------------------------------------------------+---+----+-----+-----------+
    |                         Name                         | FF| LUT| Bits| Const Bits|
    +------------------------------------------------------+---+----+-----+-----------+
    |ap_CS_fsm                                             |  3|   0|    3|          0|
    |grp_moving_max_Pipeline_MAIN_LOOP_fu_44_ap_start_reg  |  1|   0|    1|          0|
    |k_fu_40                                               |  4|   0|    4|          0|
    +------------------------------------------------------+---+----+-----+-----------+
    |Total                                                 |  8|   0|    8|          0|
    +------------------------------------------------------+---+----+-----+-----------+



================================================================
== Interface
================================================================
* Summary: 
+-------------------+-----+-----+------------+--------------+--------------+
|     RTL Ports     | Dir | Bits|  Protocol  | Source Object|    C Type    |
+-------------------+-----+-----+------------+--------------+--------------+
|ap_clk             |   in|    1|  ap_ctrl_hs|    moving_max|  return value|
|ap_rst             |   in|    1|  ap_ctrl_hs|    moving_max|  return value|
|ap_start           |   in|    1|  ap_ctrl_hs|    moving_max|  return value|
|ap_done            |  out|    1|  ap_ctrl_hs|    moving_max|  return value|
|ap_idle            |  out|    1|  ap_ctrl_hs|    moving_max|  return value|
|ap_ready           |  out|    1|  ap_ctrl_hs|    moving_max|  return value|
|in_data_address0   |  out|    6|   ap_memory|       in_data|         array|
|in_data_ce0        |  out|    1|   ap_memory|       in_data|         array|
|in_data_q0         |   in|   32|   ap_memory|       in_data|         array|
|out_data_address0  |  out|    6|   ap_memory|      out_data|         array|
|out_data_ce0       |  out|    1|   ap_memory|      out_data|         array|
|out_data_we0       |  out|    1|   ap_memory|      out_data|         array|
|out_data_d0        |  out|   32|   ap_memory|      out_data|         array|
+-------------------+-----+-----+------------+--------------+--------------+

